**[ REPORT ]**
********************
> Room
      room_id = 0
> Players
      id = 0
      cell = X
      isBot? 0
> DataAction
      value = 56
> TypeGame
      ST
> TypeAction
      Step
> TypeStatus
      Finished
> Valid
      is valid? 1
> GameResult
      is end? 1
      winner = X
> Winner
      id = 0
      cell = X
      isBot? 0
      draw? 0
> Steps
            player_id = 0
            index     = 22
            cell      = X
            ------------
            player_id = 1
            index     = 40
            cell      = O
            ------------
            player_id = 0
            index     = 41
            cell      = X
            ------------
            player_id = 1
            index     = 52
            cell      = O
            ------------
            player_id = 0
            index     = 66
            cell      = X
            ------------
            player_id = 1
            index     = 27
            cell      = O
            ------------
            player_id = 0
            index     = 7
            cell      = X
            ------------
            player_id = 1
            index     = 63
            cell      = O
            ------------
            player_id = 0
            index     = 1
            cell      = X
            ------------
            player_id = 1
            index     = 12
            cell      = O
            ------------
            player_id = 0
            index     = 34
            cell      = X
            ------------
            player_id = 1
            index     = 71
            cell      = O
            ------------
            player_id = 0
            index     = 77
            cell      = X
            ------------
            player_id = 1
            index     = 46
            cell      = O
            ------------
            player_id = 0
            index     = 14
            cell      = X
            ------------
            player_id = 1
            index     = 50
            cell      = O
            ------------
            player_id = 0
            index     = 53
            cell      = X
            ------------
            player_id = 1
            index     = 72
            cell      = O
            ------------
            player_id = 0
            index     = 4
            cell      = X
            ------------
            player_id = 1
            index     = 36
            cell      = O
            ------------
            player_id = 0
            index     = 0
            cell      = X
            ------------
            player_id = 1
            index     = 6
            cell      = O
            ------------
            player_id = 0
            index     = 62
            cell      = X
            ------------
            player_id = 1
            index     = 74
            cell      = O
            ------------
            player_id = 0
            index     = 25
            cell      = X
            ------------
            player_id = 1
            index     = 67
            cell      = O
            ------------
            player_id = 0
            index     = 43
            cell      = X
            ------------
            player_id = 1
            index     = 68
            cell      = O
            ------------
            player_id = 0
            index     = 51
            cell      = X
            ------------
            player_id = 1
            index     = 60
            cell      = O
            ------------
            player_id = 0
            index     = 59
            cell      = X
            ------------
            player_id = 1
            index     = 49
            cell      = O
            ------------
            player_id = 0
            index     = 38
            cell      = X
            ------------
            player_id = 1
            index     = 18
            cell      = O
            ------------
            player_id = 0
            index     = 2
            cell      = X
            ------------
            player_id = 1
            index     = 20
            cell      = O
            ------------
            player_id = 0
            index     = 19
            cell      = X
            ------------
            player_id = 1
            index     = 9
            cell      = O
            ------------
            player_id = 0
            index     = 5
            cell      = X
            ------------
            player_id = 1
            index     = 45
            cell      = O
            ------------
            player_id = 0
            index     = 3
            cell      = X
            ------------
            player_id = 1
            index     = 35
            cell      = O
            ------------
            player_id = 0
            index     = 76
            cell      = X
            ------------
            player_id = 1
            index     = 39
            cell      = O
            ------------
            player_id = 0
            index     = 30
            cell      = X
            ------------
            player_id = 1
            index     = 31
            cell      = O
            ------------
            player_id = 0
            index     = 44
            cell      = X
            ------------
            player_id = 1
            index     = 78
            cell      = O
            ------------
            player_id = 0
            index     = 56
            cell      = X
            ------------
********************

 X  X  X  O  -  -  O  X  O 
 X  X  X  O  -  X  -  X  - 
 O  X  -  -  -  -  -  X  - 
 O  -  -  O  -  X  O  O  - 
 X  O  -  O  O  X  -  O  O 
 -  X  O  -  X  X  X  O  X 
 -  -  X  O  -  -  O  -  O 
 -  -  X  X  O  O  -  X  X 
 O  -  X  -  -  O  O  -  - 
**[ REPORT ]**
********************
> Room
      room_id = 2
> Players
      id = 0
      cell = X
      isBot? 0
> DataAction
      value = 27
> TypeGame
      ST
> TypeAction
      Step
> TypeStatus
      Finished
> Valid
      is valid? 1
> GameResult
      is end? 1
      winner = X
> Winner
      id = 0
      cell = X
      isBot? 0
      draw? 0
> Steps
            player_id = 1
            index     = 49
            cell      = O
            ------------
            player_id = 0
            index     = 39
            cell      = X
            ------------
            player_id = 1
            index     = 33
            cell      = O
            ------------
            player_id = 0
            index     = 57
            cell      = X
            ------------
            player_id = 1
            index     = 32
            cell      = O
            ------------
            player_id = 0
            index     = 47
            cell      = X
            ------------
            player_id = 1
            index     = 26
            cell      = O
            ------------
            player_id = 0
            index     = 77
            cell      = X
            ------------
            player_id = 1
            index     = 52
            cell      = O
            ------------
            player_id = 0
            index     = 64
            cell      = X
            ------------
            player_id = 1
            index     = 9
            cell      = O
            ------------
            player_id = 0
            index     = 4
            cell      = X
            ------------
            player_id = 1
            index     = 42
            cell      = O
            ------------
            player_id = 0
            index     = 54
            cell      = X
            ------------
            player_id = 1
            index     = 0
            cell      = O
            ------------
            player_id = 0
            index     = 1
            cell      = X
            ------------
            player_id = 1
            index     = 12
            cell      = O
            ------------
            player_id = 0
            index     = 29
            cell      = X
            ------------
            player_id = 1
            index     = 18
            cell      = O
            ------------
            player_id = 0
            index     = 2
            cell      = X
            ------------
            player_id = 1
            index     = 22
            cell      = O
            ------------
            player_id = 0
            index     = 43
            cell      = X
            ------------
            player_id = 1
            index     = 66
            cell      = O
            ------------
            player_id = 0
            index     = 28
            cell      = X
            ------------
            player_id = 1
            index     = 16
            cell      = O
            ------------
            player_id = 0
            index     = 63
            cell      = X
            ------------
            player_id = 1
            index     = 6
            cell      = O
            ------------
            player_id = 0
            index     = 60
            cell      = X
            ------------
            player_id = 1
            index     = 58
            cell      = O
            ------------
            player_id = 0
            index     = 38
            cell      = X
            ------------
            player_id = 1
            index     = 25
            cell      = O
            ------------
            player_id = 0
            index     = 65
            cell      = X
            ------------
            player_id = 1
            index     = 19
            cell      = O
            ------------
            player_id = 0
            index     = 15
            cell      = X
            ------------
            player_id = 1
            index     = 56
            cell      = O
            ------------
            player_id = 0
            index     = 24
            cell      = X
            ------------
            player_id = 1
            index     = 59
            cell      = O
            ------------
            player_id = 0
            index     = 51
            cell      = X
            ------------
            player_id = 1
            index     = 61
            cell      = O
            ------------
            player_id = 0
            index     = 71
            cell      = X
            ------------
            player_id = 1
            index     = 76
            cell      = O
            ------------
            player_id = 0
            index     = 37
            cell      = X
            ------------
            player_id = 1
            index     = 14
            cell      = O
            ------------
            player_id = 0
            index     = 53
            cell      = X
            ------------
            player_id = 1
            index     = 72
            cell      = O
            ------------
            player_id = 0
            index     = 7
            cell      = X
            ------------
            player_id = 1
            index     = 69
            cell      = O
            ------------
            player_id = 0
            index     = 55
            cell      = X
            ------------
            player_id = 1
            index     = 10
            cell      = O
            ------------
            player_id = 0
            index     = 13
            cell      = X
            ------------
            player_id = 1
            index     = 40
            cell      = O
            ------------
            player_id = 0
            index     = 36
            cell      = X
            ------------
            player_id = 1
            index     = 3
            cell      = O
            ------------
            player_id = 0
            index     = 31
            cell      = X
            ------------
            player_id = 1
            index     = 44
            cell      = O
            ------------
            player_id = 0
            index     = 80
            cell      = X
            ------------
            player_id = 1
            index     = 78
            cell      = O
            ------------
            player_id = 0
            index     = 62
            cell      = X
            ------------
            player_id = 1
            index     = 74
            cell      = O
            ------------
            player_id = 0
            index     = 20
            cell      = X
            ------------
            player_id = 1
            index     = 21
            cell      = O
            ------------
            player_id = 0
            index     = 27
            cell      = X
            ------------
********************

 O  X  X  O  O  -  O  O  X 
 O  X  -  O  X  O  O  O  - 
 O  X  -  X  O  -  X  O  O 
 X  X  X  X  X  X  -  -  X 
 -  X  O  X  O  -  -  O  - 
 O  -  -  O  X  O  X  O  X 
 X  X  O  X  X  X  O  -  O 
 X  O  O  O  -  -  -  O  X 
 X  O  X  O  -  X  O  -  X 
**[ REPORT ]**
********************
> Room
      room_id = 4
> Players
      id = 0
      cell = X
      isBot? 0
> DataAction
      value = 41
> TypeGame
      ST
> TypeAction
      Step
> TypeStatus
      Finished
> Valid
      is valid? 1
> GameResult
      is end? 1
      winner = X
> Winner
      id = 0
      cell = X
      isBot? 0
      draw? 0
> Steps
            player_id = 0
            index     = 1
            cell      = X
            ------------
            player_id = 1
            index     = 17
            cell      = O
            ------------
            player_id = 0
            index     = 72
            cell      = X
            ------------
            player_id = 1
            index     = 2
            cell      = O
            ------------
            player_id = 0
            index     = 26
            cell      = X
            ------------
            player_id = 1
            index     = 77
            cell      = O
            ------------
            player_id = 0
            index     = 51
            cell      = X
            ------------
            player_id = 1
            index     = 59
            cell      = O
            ------------
            player_id = 0
            index     = 52
            cell      = X
            ------------
            player_id = 1
            index     = 66
            cell      = O
            ------------
            player_id = 0
            index     = 29
            cell      = X
            ------------
            player_id = 1
            index     = 22
            cell      = O
            ------------
            player_id = 0
            index     = 43
            cell      = X
            ------------
            player_id = 1
            index     = 65
            cell      = O
            ------------
            player_id = 0
            index     = 18
            cell      = X
            ------------
            player_id = 1
            index     = 3
            cell      = O
            ------------
            player_id = 0
            index     = 31
            cell      = X
            ------------
            player_id = 1
            index     = 42
            cell      = O
            ------------
            player_id = 0
            index     = 60
            cell      = X
            ------------
            player_id = 1
            index     = 61
            cell      = O
            ------------
            player_id = 0
            index     = 67
            cell      = X
            ------------
            player_id = 1
            index     = 39
            cell      = O
            ------------
            player_id = 0
            index     = 33
            cell      = X
            ------------
            player_id = 1
            index     = 56
            cell      = O
            ------------
            player_id = 0
            index     = 25
            cell      = X
            ------------
            player_id = 1
            index     = 63
            cell      = O
            ------------
            player_id = 0
            index     = 0
            cell      = X
            ------------
            player_id = 1
            index     = 5
            cell      = O
            ------------
            player_id = 0
            index     = 53
            cell      = X
            ------------
            player_id = 1
            index     = 80
            cell      = O
            ------------
            player_id = 0
            index     = 74
            cell      = X
            ------------
            player_id = 1
            index     = 21
            cell      = O
            ------------
            player_id = 0
            index     = 28
            cell      = X
            ------------
            player_id = 1
            index     = 9
            cell      = O
            ------------
            player_id = 0
            index     = 6
            cell      = X
            ------------
            player_id = 1
            index     = 58
            cell      = O
            ------------
            player_id = 0
            index     = 44
            cell      = X
            ------------
            player_id = 1
            index     = 78
            cell      = O
            ------------
            player_id = 0
            index     = 57
            cell      = X
            ------------
            player_id = 1
            index     = 34
            cell      = O
            ------------
            player_id = 0
            index     = 64
            cell      = X
            ------------
            player_id = 1
            index     = 10
            cell      = O
            ------------
            player_id = 0
            index     = 13
            cell      = X
            ------------
            player_id = 1
            index     = 40
            cell      = O
            ------------
            player_id = 0
            index     = 38
            cell      = X
            ------------
            player_id = 1
            index     = 23
            cell      = O
            ------------
            player_id = 0
            index     = 46
            cell      = X
            ------------
            player_id = 1
            index     = 15
            cell      = O
            ------------
            player_id = 0
            index     = 62
            cell      = X
            ------------
            player_id = 1
            index     = 75
            cell      = O
            ------------
            player_id = 0
            index     = 35
            cell      = X
            ------------
            player_id = 1
            index     = 73
            cell      = O
            ------------
            player_id = 0
            index     = 16
            cell      = X
            ------------
            player_id = 1
            index     = 68
            cell      = O
            ------------
            player_id = 0
            index     = 50
            cell      = X
            ------------
            player_id = 1
            index     = 48
            cell      = O
            ------------
            player_id = 0
            index     = 32
            cell      = X
            ------------
            player_id = 1
            index     = 49
            cell      = O
            ------------
            player_id = 0
            index     = 41
            cell      = X
            ------------
********************

 X  X  O  O  O  -  X  -  - 
 O  -  O  -  X  -  O  O  O 
 X  -  -  O  X  O  -  X  X 
 -  X  X  -  -  X  -  X  - 
 -  X  X  O  O  X  O  O  X 
 X  O  X  O  X  X  X  X  X 
 -  -  O  O  X  O  X  O  X 
 X  O  O  O  X  O  O  -  O 
 X  O  X  -  -  -  O  -  O 
**[ REPORT ]**
********************
> Room
      room_id = 3
> Players
      id = 0
      cell = X
      isBot? 0
> DataAction
      value = 45
> TypeGame
      ST
> TypeAction
      Step
> TypeStatus
      Finished
> Valid
      is valid? 1
> GameResult
      is end? 1
      winner = X
> Winner
      id = 0
      cell = X
      isBot? 0
      draw? 0
> Steps
            player_id = 0
            index     = 6
            cell      = X
            ------------
            player_id = 1
            index     = 54
            cell      = O
            ------------
            player_id = 0
            index     = 8
            cell      = X
            ------------
            player_id = 1
            index     = 79
            cell      = O
            ------------
            player_id = 0
            index     = 63
            cell      = X
            ------------
            player_id = 1
            index     = 7
            cell      = O
            ------------
            player_id = 0
            index     = 68
            cell      = X
            ------------
            player_id = 1
            index     = 52
            cell      = O
            ------------
            player_id = 0
            index     = 67
            cell      = X
            ------------
            player_id = 1
            index     = 39
            cell      = O
            ------------
            player_id = 0
            index     = 31
            cell      = X
            ------------
            player_id = 1
            index     = 42
            cell      = O
            ------------
            player_id = 0
            index     = 60
            cell      = X
            ------------
            player_id = 1
            index     = 55
            cell      = O
            ------------
            player_id = 0
            index     = 10
            cell      = X
            ------------
            player_id = 1
            index     = 12
            cell      = O
            ------------
            player_id = 0
            index     = 29
            cell      = X
            ------------
            player_id = 1
            index     = 18
            cell      = O
            ------------
            player_id = 0
            index     = 0
            cell      = X
            ------------
            player_id = 1
            index     = 1
            cell      = O
            ------------
            player_id = 0
            index     = 11
            cell      = X
            ------------
            player_id = 1
            index     = 22
            cell      = O
            ------------
            player_id = 0
            index     = 40
            cell      = X
            ------------
            player_id = 1
            index     = 43
            cell      = O
            ------------
            player_id = 0
            index     = 69
            cell      = X
            ------------
            player_id = 1
            index     = 57
            cell      = O
            ------------
            player_id = 0
            index     = 35
            cell      = X
            ------------
            player_id = 1
            index     = 74
            cell      = O
            ------------
            player_id = 0
            index     = 24
            cell      = X
            ------------
            player_id = 1
            index     = 59
            cell      = O
            ------------
            player_id = 0
            index     = 51
            cell      = X
            ------------
            player_id = 1
            index     = 56
            cell      = O
            ------------
            player_id = 0
            index     = 25
            cell      = X
            ------------
            player_id = 1
            index     = 66
            cell      = O
            ------------
            player_id = 0
            index     = 32
            cell      = X
            ------------
            player_id = 1
            index     = 50
            cell      = O
            ------------
            player_id = 0
            index     = 53
            cell      = X
            ------------
            player_id = 1
            index     = 80
            cell      = O
            ------------
            player_id = 0
            index     = 73
            cell      = X
            ------------
            player_id = 1
            index     = 17
            cell      = O
            ------------
            player_id = 0
            index     = 75
            cell      = X
            ------------
            player_id = 1
            index     = 34
            cell      = O
            ------------
            player_id = 0
            index     = 70
            cell      = X
            ------------
            player_id = 1
            index     = 65
            cell      = O
            ------------
            player_id = 0
            index     = 20
            cell      = X
            