**[ REPORT ]**
********************
> Room
      room_id = 7
> Players
      id = 0
      cell = X
      isBot? 0
> DataAction
      value = 39
> TypeGame
      ST
> TypeAction
      Step
> TypeStatus
      Active
> Valid
      is valid? 1
> GameResult
      is end? 0
> Steps
            player_id = 0
            index     = 39
            cell      = X
            ------------
********************

 -  -  -  -  -  -  -  -  - 
 -  -  -  -  -  -  -  -  - 
 -  -  -  -  -  -  -  -  - 
 -  -  -  -  -  -  -  -  - 
 -  -  -  X  -  -  -  -  - 
 -  -  -  -  -  -  -  -  - 
 -  -  -  -  -  -  -  -  - 
 -  -  -  -  -  -  -  -  - 
 -  -  -  -  -  -  -  -  - 
**[ REPORT ]**
********************
> Room
      room_id = 7
> Players
      id = 1
      cell = O
      isBot? 0
> DataAction
      value = 33
> TypeGame
      ST
> TypeAction
      Step
> TypeStatus
      Active
> Valid
      is valid? 1
> GameResult
      is end? 0
> Steps
            player_id = 0
            index     = 39
            cell      = X
            ------------
            player_id = 1
            index     = 33
            cell      = O
            ------------
********************

 -  -  -  -  -  -  -  -  - 
 -  -  -  -  -  -  -  -  - 
 -  -  -  -  -  -  -  -  - 
 -  -  -  -  -  -  -  -  - 
 -  -  -  X  -  -  -  -  - 
 O  -  -  -  -  -  -  -  - 
 -  -  -  -  -  -  -  -  - 
 -  -  -  -  -  -  -  -  - 
 -  -  -  -  -  -  -  -  - 
**[ REPORT ]**
********************
> Room
      room_id = 7
> Players
      id = 0
      cell = X
      isBot? 0
> DataAction
      value = 61
> TypeGame
      ST
> TypeAction
      Step
> TypeStatus
      Active
> Valid
      is valid? 1
> GameResult
      is end? 0
> Steps
            player_id = 0
            index     = 39
            cell      = X
            ------------
            player_id = 1
            index     = 33
            cell      = O
            ------------
            player_id = 0
            index     = 61
            cell      = X
            ------------
********************

 -  -  -  -  -  -  -  -  - 
 -  -  -  -  -  -  -  -  - 
 -  -  -  -  -  -  -  -  - 
 -  -  -  -  -  -  -  -  - 
 -  -  -  X  -  -  -  -  - 
 O  -  -  -  -  -  -  -  - 
 -  -  -  -  -  -  -  -  - 
 -  -  -  -  -  -  -  -  - 
 -  X  -  -  -  -  -  -  - 
**[ REPORT ]**
********************
> Room
      room_id = 7
> Players
      id = 1
      cell = O
      isBot? 0
> DataAction
      value = 64
> TypeGame
      ST
> TypeAction
      Step
> TypeStatus
      Active
> Valid
      is valid? 1
> GameResult
      is end? 0
> Steps
            player_id = 0
            index     = 39
            cell      = X
            ------------
            player_id = 1
            index     = 33
            cell      = O
            ------------
            player_id = 0
            index     = 61
            cell      = X
            ------------
            player_id = 1
            index     = 64
            cell      = O
            ------------
********************

 -  -  -  -  -  -  -  -  - 
 -  -  -  -  -  -  -  -  - 
 -  -  -  -  -  -  -  -  - 
 -  -  -  -  -  -  -  -  - 
 -  -  -  X  -  -  -  -  - 
 O  -  -  -  -  -  -  -  - 
 -  -  -  -  O  -  -  -  - 
 -  -  -  -  -  -  -  -  - 
 -  X  -  -  -  -  -  -  - 
**[ REPORT ]**
********************
> Room
      room_id = 7
> Players
      id = 0
      cell = X
      isBot? 0
> DataAction
      value = 12
> TypeGame
      ST
> TypeAction
      Step
> TypeStatus
      Active
> Valid
      is valid? 1
> GameResult
      is end? 0
> Steps
            player_id = 0
            index     = 39
            cell      = X
            ------------
            player_id = 1
            index     = 33
            cell      = O
            ------------
            player_id = 0
            index     = 61
            cell      = X
            ------------
            player_id = 1
            index     = 64
            cell      = O
            ------------
            player_id = 0
            index     = 12
            cell      = X
            ------------
********************

 -  -  -  -  -  -  -  -  - 
 -  -  -  X  -  -  -  -  - 
 -  -  -  -  -  -  -  -  - 
 -  -  -  -  -  -  -  -  - 
 -  -  -  X  -  -  -  -  - 
 O  -  -  -  -  -  -  -  - 
 -  -  -  -  O  -  -  -  - 
 -  -  -  -  -  -  -  -  - 
 -  X  -  -  -  -  -  -  - 
**[ REPORT ]**
********************
> Room
      room_id = 7
> Players
      id = 1
      cell = O
      isBot? 0
> DataAction
      value = 31
> TypeGame
      ST
> TypeAction
      Step
> TypeStatus
      Active
> Valid
      is valid? 1
> GameResult
      is end? 0
> Steps
            player_id = 0
            index     = 39
            cell      = X
            ------------
            player_id = 1
            index     = 33
            cell      = O
            ------------
            player_id = 0
            index     = 61
            cell      = X
            ------------
            player_id = 1
            index     = 64
            cell      = O
            ------------
            player_id = 0
            index     = 12
            cell      = X
            ------------
            player_id = 1
            index     = 31
            cell      = O
            ------------
********************

 -  -  -  -  -  -  -  -  - 
 -  -  -  X  -  -  -  -  - 
 -  -  -  -  -  -  -  -  - 
 -  -  -  -  -  -  -  -  - 
 -  O  -  X  -  -  -  -  - 
 O  -  -  -  -  -  -  -  - 
 -  -  -  -  O  -  -  -  - 
 -  -  -  -  -  -  -  -  - 
 -  X  -  -  -  -  -  -  - 
