**[ REPORT ]**
********************
> Room
      room_id = 12
> Players
      id = 0
      cell = X
      isBot? 0
> DataAction
      value = 32
> TypeGame
      ST
> TypeAction
      Step
> TypeStatus
      Active
> Valid
      is valid? 1
> GameResult
      is end? 0
> Steps
            player_id = 0
            index     = 32
            cell      = X
            ------------
********************

 -  -  -  -  -  -  -  -  - 
 -  -  -  -  -  -  -  -  - 
 -  -  -  -  -  -  -  -  - 
 -  -  -  -  -  -  -  -  - 
 -  -  X  -  -  -  -  -  - 
 -  -  -  -  -  -  -  -  - 
 -  -  -  -  -  -  -  -  - 
 -  -  -  -  -  -  -  -  - 
 -  -  -  -  -  -  -  -  - 
**[ REPORT ]**
********************
> Room
      room_id = 12
> Players
      id = 1
      cell = O
      isBot? 0
> DataAction
      value = 49
> TypeGame
      ST
> TypeAction
      Step
> TypeStatus
      Active
> Valid
      is valid? 1
> GameResult
      is end? 0
> Steps
            player_id = 0
            index     = 32
            cell      = X
            ------------
            player_id = 1
            index     = 49
            cell      = O
            ------------
********************

 -  -  -  -  -  -  -  -  - 
 -  -  -  -  -  -  -  -  - 
 -  -  -  -  -  -  -  -  - 
 -  -  -  -  -  -  -  -  - 
 -  -  X  -  -  -  -  O  - 
 -  -  -  -  -  -  -  -  - 
 -  -  -  -  -  -  -  -  - 
 -  -  -  -  -  -  -  -  - 
 -  -  -  -  -  -  -  -  - 
**[ REPORT ]**
********************
> Room
      room_id = 12
> Players
      id = 0
      cell = X
      isBot? 0
> DataAction
      value = 36
> TypeGame
      ST
> TypeAction
      Step
> TypeStatus
      Active
> Valid
      is valid? 1
> GameResult
      is end? 0
> Steps
            player_id = 0
            index     = 32
            cell      = X
            ------------
            player_id = 1
            index     = 49
            cell      = O
            ------------
            player_id = 0
            index     = 36
            cell      = X
            ------------
********************

 -  -  -  -  -  -  -  -  - 
 -  -  -  -  -  -  -  -  - 
 -  -  -  -  -  -  -  -  - 
 -  -  -  X  -  -  -  -  - 
 -  -  X  -  -  -  -  O  - 
 -  -  -  -  -  -  -  -  - 
 -  -  -  -  -  -  -  -  - 
 -  -  -  -  -  -  -  -  - 
 -  -  -  -  -  -  -  -  - 
**[ REPORT ]**
********************
> Room
      room_id = 12
> Players
      id = 1
      cell = O
      isBot? 0
> DataAction
      value = 5
> TypeGame
      ST
> TypeAction
      Step
> TypeStatus
      Active
> Valid
      is valid? 1
> GameResult
      is end? 0
> Steps
            player_id = 0
            index     = 32
            cell      = X
            ------------
            player_id = 1
            index     = 49
            cell      = O
            ------------
            player_id = 0
            index     = 36
            cell      = X
            ------------
            player_id = 1
            index     = 5
            cell      = O
            ------------
********************

 -  -  -  -  -  -  -  -  - 
 -  -  O  -  -  -  -  -  - 
 -  -  -  -  -  -  -  -  - 
 -  -  -  X  -  -  -  -  - 
 -  -  X  -  -  -  -  O  - 
 -  -  -  -  -  -  -  -  - 
 -  -  -  -  -  -  -  -  - 
 -  -  -  -  -  -  -  -  - 
 -  -  -  -  -  -  -  -  - 
**[ REPORT ]**
********************
> Room
      room_id = 12
> Players
      id = 0
      cell = X
      isBot? 0
> DataAction
      value = 52
> TypeGame
      ST
> TypeAction
      Step
> TypeStatus
      Active
> Valid
      is valid? 1
> GameResult
      is end? 0
> Steps
            player_id = 0
            index     = 32
            cell      = X
            ------------
            player_id = 1
            index     = 49
            cell      = O
            ------------
            player_id = 0
            index     = 36
            cell      = X
            ------------
            player_id = 1
            index     = 5
            cell      = O
            ------------
            player_id = 0
            index     = 52
            cell      = X
            ------------
********************

 -  -  -  -  -  -  -  -  - 
 -  -  O  -  -  -  -  -  - 
 -  -  -  -  -  -  -  -  - 
 -  -  -  X  -  -  -  -  - 
 -  -  X  -  -  -  -  O  - 
 -  -  -  -  -  -  -  X  - 
 -  -  -  -  -  -  -  -  - 
 -  -  -  -  -  -  -  -  - 
 -  -  -  -  -  -  -  -  - 
**[ REPORT ]**
********************
> Room
      room_id = 12
> Players
      id = 1
      cell = O
      isBot? 0
> DataAction
      value = 65
> TypeGame
      ST
> TypeAction
      Step
> TypeStatus
      Active
> Valid
      is valid? 1
> GameResult
      is end? 0
> Steps
            player_id = 0
            index     = 32
            cell      = X
            ------------
            player_id = 1
            index     = 49
            cell      = O
            ------------
            player_id = 0
            index     = 36
            cell      = X
            ------------
            player_id = 1
            index     = 5
            cell      = O
            ------------
            player_id = 0
            index     = 52
            cell      = X
            ------------
            player_id = 1
            index     = 65
            cell      = O
            ------------
********************

 -  -  -  -  -  -  -  -  - 
 -  -  O  -  -  -  -  -  - 
 -  -  -  -  -  -  -  -  - 
 -  -  -  X  -  -  -  -  - 
 -  -  X  -  -  -  -  O  - 
 -  -  -  -  -  -  -  X  - 
 -  -  -  -  -  O  -  -  - 
 -  -  -  -  -  -  -  -  - 
 -  -  -  -  -  -  -  -  - 
