**[ REPORT ]**
********************
> Room
      room_id = 4
> Players
      id = 0
      cell = X
      isBot? 0
> DataAction
      value = 68
> TypeGame
      ST
> TypeAction
      Step
> TypeStatus
      Active
> Valid
      is valid? 1
> GameResult
      is end? 0
> Steps
            player_id = 0
            index     = 68
            cell      = X
            ------------
********************

 -  -  -  -  -  -  -  -  - 
 -  -  -  -  -  -  -  -  - 
 -  -  -  -  -  -  -  -  - 
 -  -  -  -  -  -  -  -  - 
 -  -  -  -  -  -  -  -  - 
 -  -  -  -  -  -  -  -  - 
 -  -  -  -  -  -  -  -  - 
 -  -  -  -  -  X  -  -  - 
 -  -  -  -  -  -  -  -  - 
**[ REPORT ]**
********************
> Room
      room_id = 4
> Players
      id = 1
      cell = O
      isBot? 0
> DataAction
      value = 46
> TypeGame
      ST
> TypeAction
      Step
> TypeStatus
      Active
> Valid
      is valid? 1
> GameResult
      is end? 0
> Steps
            player_id = 0
            index     = 68
            cell      = X
            ------------
            player_id = 1
            index     = 46
            cell      = O
            ------------
********************

 -  -  -  -  -  -  -  -  - 
 -  -  -  -  -  -  -  -  - 
 -  -  -  -  -  -  -  -  - 
 -  -  -  -  -  -  -  O  - 
 -  -  -  -  -  -  -  -  - 
 -  -  -  -  -  -  -  -  - 
 -  -  -  -  -  -  -  -  - 
 -  -  -  -  -  X  -  -  - 
 -  -  -  -  -  -  -  -  - 
**[ REPORT ]**
********************
> Room
      room_id = 4
> Players
      id = 0
      cell = X
      isBot? 0
> DataAction
      value = 14
> TypeGame
      ST
> TypeAction
      Step
> TypeStatus
      Active
> Valid
      is valid? 1
> GameResult
      is end? 0
> Steps
            player_id = 0
            index     = 68
            cell      = X
            ------------
            player_id = 1
            index     = 46
            cell      = O
            ------------
            player_id = 0
            index     = 14
            cell      = X
            ------------
********************

 -  -  -  -  -  -  -  -  - 
 -  -  -  -  -  X  -  -  - 
 -  -  -  -  -  -  -  -  - 
 -  -  -  -  -  -  -  O  - 
 -  -  -  -  -  -  -  -  - 
 -  -  -  -  -  -  -  -  - 
 -  -  -  -  -  -  -  -  - 
 -  -  -  -  -  X  -  -  - 
 -  -  -  -  -  -  -  -  - 
**[ REPORT ]**
********************
> Room
      room_id = 4
> Players
      id = 1
      cell = O
      isBot? 0
> DataAction
      value = 48
> TypeGame
      ST
> TypeAction
      Step
> TypeStatus
      Active
> Valid
      is valid? 1
> GameResult
      is end? 0
> Steps
            player_id = 0
            index     = 68
            cell      = X
            ------------
            player_id = 1
            index     = 46
            cell      = O
            ------------
            player_id = 0
            index     = 14
            cell      = X
            ------------
            player_id = 1
            index     = 48
            cell      = O
            ------------
********************

 -  -  -  -  -  -  -  -  - 
 -  -  -  -  -  X  -  -  - 
 -  -  -  -  -  -  -  -  - 
 -  -  -  -  -  -  -  O  - 
 -  -  -  -  -  -  O  -  - 
 -  -  -  -  -  -  -  -  - 
 -  -  -  -  -  -  -  -  - 
 -  -  -  -  -  X  -  -  - 
 -  -  -  -  -  -  -  -  - 
**[ REPORT ]**
********************
> Room
      room_id = 4
> Players
      id = 0
      cell = X
      isBot? 0
> DataAction
      value = 29
> TypeGame
      ST
> TypeAction
      Step
> TypeStatus
      Active
> Valid
      is valid? 1
> GameResult
      is end? 0
> Steps
            player_id = 0
            index     = 68
            cell      = X
            ------------
            player_id = 1
            index     = 46
            cell      = O
            ------------
            player_id = 0
            index     = 14
            cell      = X
            ------------
            player_id = 1
            index     = 48
            cell      = O
            ------------
            player_id = 0
            index     = 29
            cell      = X
            ------------
********************

 -  -  -  -  -  -  -  -  - 
 -  -  -  -  -  X  -  -  - 
 -  -  -  -  -  -  -  -  - 
 -  -  X  -  -  -  -  O  - 
 -  -  -  -  -  -  O  -  - 
 -  -  -  -  -  -  -  -  - 
 -  -  -  -  -  -  -  -  - 
 -  -  -  -  -  X  -  -  - 
 -  -  -  -  -  -  -  -  - 
**[ REPORT ]**
********************
> Room
      room_id = 4
> Players
      id = 1
      cell = O
      isBot? 0
> DataAction
      value = 23
> TypeGame
      ST
> TypeAction
      Step
> TypeStatus
      Active
> Valid
      is valid? 1
> GameResult
      is end? 0
> Steps
            player_id = 0
            index     = 68
            cell      = X
            ------------
            player_id = 1
            index     = 46
            cell      = O
            ------------
            player_id = 0
            index     = 14
            cell      = X
            ------------
            player_id = 1
            index     = 48
            cell      = O
            ------------
            player_id = 0
            index     = 29
            cell      = X
            ------------
            player_id = 1
            index     = 23
            cell      = O
            ------------
********************

 -  -  -  -  -  -  -  -  - 
 -  -  -  -  -  X  -  -  O 
 -  -  -  -  -  -  -  -  - 
 -  -  X  -  -  -  -  O  - 
 -  -  -  -  -  -  O  -  - 
 -  -  -  -  -  -  -  -  - 
 -  -  -  -  -  -  -  -  - 
 -  -  -  -  -  X  -  -  - 
 -  -  -  -  -  -  -  -  - 
