**[ REPORT ]**
********************
> Room
      room_id = 9
> Players
      id = 0
      cell = X
      isBot? 0
> DataAction
      value = 10
> TypeGame
      ST
> TypeAction
      Step
> TypeStatus
      Active
> Valid
      is valid? 1
> GameResult
      is end? 0
> Steps
            player_id = 0
            index     = 10
            cell      = X
            ------------
********************

 -  -  -  -  X  -  -  -  - 
 -  -  -  -  -  -  -  -  - 
 -  -  -  -  -  -  -  -  - 
 -  -  -  -  -  -  -  -  - 
 -  -  -  -  -  -  -  -  - 
 -  -  -  -  -  -  -  -  - 
 -  -  -  -  -  -  -  -  - 
 -  -  -  -  -  -  -  -  - 
 -  -  -  -  -  -  -  -  - 
**[ REPORT ]**
********************
> Room
      room_id = 9
> Players
      id = 1
      cell = O
      isBot? 0
> DataAction
      value = 16
> TypeGame
      ST
> TypeAction
      Step
> TypeStatus
      Active
> Valid
      is valid? 1
> GameResult
      is end? 0
> Steps
            player_id = 0
            index     = 10
            cell      = X
            ------------
            player_id = 1
            index     = 16
            cell      = O
            ------------
********************

 -  -  -  -  X  -  -  -  - 
 -  -  -  -  -  -  -  -  - 
 -  -  -  -  O  -  -  -  - 
 -  -  -  -  -  -  -  -  - 
 -  -  -  -  -  -  -  -  - 
 -  -  -  -  -  -  -  -  - 
 -  -  -  -  -  -  -  -  - 
 -  -  -  -  -  -  -  -  - 
 -  -  -  -  -  -  -  -  - 
**[ REPORT ]**
********************
> Room
      room_id = 9
> Players
      id = 0
      cell = X
      isBot? 0
> DataAction
      value = 70
> TypeGame
      ST
> TypeAction
      Step
> TypeStatus
      Active
> Valid
      is valid? 1
> GameResult
      is end? 0
> Steps
            player_id = 0
            index     = 10
            cell      = X
            ------------
            player_id = 1
            index     = 16
            cell      = O
            ------------
            player_id = 0
            index     = 70
            cell      = X
            ------------
********************

 -  -  -  -  X  -  -  -  - 
 -  -  -  -  -  -  -  -  - 
 -  -  -  -  O  -  -  -  - 
 -  -  -  -  -  -  -  -  - 
 -  -  -  -  -  -  -  -  - 
 -  -  -  -  -  -  -  -  - 
 -  -  -  -  -  -  -  -  - 
 -  -  -  -  -  -  -  -  - 
 -  -  -  -  X  -  -  -  - 
**[ REPORT ]**
********************
> Room
      room_id = 9
> Players
      id = 1
      cell = O
      isBot? 0
> DataAction
      value = 67
> TypeGame
      ST
> TypeAction
      Step
> TypeStatus
      Active
> Valid
      is valid? 1
> GameResult
      is end? 0
> Steps
            player_id = 0
            index     = 10
            cell      = X
            ------------
            player_id = 1
            index     = 16
            cell      = O
            ------------
            player_id = 0
            index     = 70
            cell      = X
            ------------
            player_id = 1
            index     = 67
            cell      = O
            ------------
********************

 -  -  -  -  X  -  -  -  - 
 -  -  -  -  -  -  -  -  - 
 -  -  -  -  O  -  -  -  - 
 -  -  -  -  -  -  -  -  - 
 -  -  -  -  -  -  -  -  - 
 -  -  -  -  -  -  -  -  - 
 -  -  -  -  -  -  -  -  - 
 -  -  -  -  O  -  -  -  - 
 -  -  -  -  X  -  -  -  - 
**[ REPORT ]**
********************
> Room
      room_id = 9
> Players
      id = 0
      cell = X
      isBot? 0
> DataAction
      value = 38
> TypeGame
      ST
> TypeAction
      Step
> TypeStatus
      Active
> Valid
      is valid? 1
> GameResult
      is end? 0
> Steps
            player_id = 0
            index     = 10
            cell      = X
            ------------
            player_id = 1
            index     = 16
            cell      = O
            ------------
            player_id = 0
            index     = 70
            cell      = X
            ------------
            player_id = 1
            index     = 67
            cell      = O
            ------------
            player_id = 0
            index     = 38
            cell      = X
            ------------
********************

 -  -  -  -  X  -  -  -  - 
 -  -  -  -  -  -  -  -  - 
 -  -  -  -  O  -  -  -  - 
 -  -  -  -  -  X  -  -  - 
 -  -  -  -  -  -  -  -  - 
 -  -  -  -  -  -  -  -  - 
 -  -  -  -  -  -  -  -  - 
 -  -  -  -  O  -  -  -  - 
 -  -  -  -  X  -  -  -  - 
**[ REPORT ]**
********************
> Room
      room_id = 9
> Players
      id = 1
      cell = O
      isBot? 0
> DataAction
      value = 23
> TypeGame
      ST
> TypeAction
      Step
> TypeStatus
      Active
> Valid
      is valid? 1
> GameResult
      is end? 0
> Steps
            player_id = 0
            index     = 10
            cell      = X
            ------------
            player_id = 1
            index     = 16
            cell      = O
            ------------
            player_id = 0
            index     = 70
            cell      = X
            ------------
            player_id = 1
            index     = 67
            cell      = O
            ------------
            player_id = 0
            index     = 38
            cell      = X
            ------------
            player_id = 1
            index     = 23
            cell      = O
            ------------
********************

 -  -  -  -  X  -  -  -  - 
 -  -  -  -  -  -  -  -  O 
 -  -  -  -  O  -  -  -  - 
 -  -  -  -  -  X  -  -  - 
 -  -  -  -  -  -  -  -  - 
 -  -  -  -  -  -  -  -  - 
 -  -  -  -  -  -  -  -  - 
 -  -  -  -  O  -  -  -  - 
 -  -  -  -  X  -  -  -  - 
