**[ REPORT ]**
********************
> Room
      room_id = 2
> Players
      id = 0
      cell = X
      isBot? 0
> DataAction
      value = 18
> TypeGame
      ST
> TypeAction
      Step
> TypeStatus
      Active
> Valid
      is valid? 1
> GameResult
      is end? 0
> Steps
            player_id = 0
            index     = 18
            cell      = X
            ------------
********************

 -  -  -  -  -  -  X  -  - 
 -  -  -  -  -  -  -  -  - 
 -  -  -  -  -  -  -  -  - 
 -  -  -  -  -  -  -  -  - 
 -  -  -  -  -  -  -  -  - 
 -  -  -  -  -  -  -  -  - 
 -  -  -  -  -  -  -  -  - 
 -  -  -  -  -  -  -  -  - 
 -  -  -  -  -  -  -  -  - 
**[ REPORT ]**
********************
> Room
      room_id = 2
> Players
      id = 1
      cell = O
      isBot? 0
> DataAction
      value = 0
> TypeGame
      ST
> TypeAction
      Step
> TypeStatus
      Active
> Valid
      is valid? 1
> GameResult
      is end? 0
> Steps
            player_id = 0
            index     = 18
            cell      = X
            ------------
            player_id = 1
            index     = 0
            cell      = O
            ------------
********************

 O  -  -  -  -  -  X  -  - 
 -  -  -  -  -  -  -  -  - 
 -  -  -  -  -  -  -  -  - 
 -  -  -  -  -  -  -  -  - 
 -  -  -  -  -  -  -  -  - 
 -  -  -  -  -  -  -  -  - 
 -  -  -  -  -  -  -  -  - 
 -  -  -  -  -  -  -  -  - 
 -  -  -  -  -  -  -  -  - 
**[ REPORT ]**
********************
> Room
      room_id = 2
> Players
      id = 0
      cell = X
      isBot? 0
> DataAction
      value = 7
> TypeGame
      ST
> TypeAction
      Step
> TypeStatus
      Active
> Valid
      is valid? 1
> GameResult
      is end? 0
> Steps
            player_id = 0
            index     = 18
            cell      = X
            ------------
            player_id = 1
            index     = 0
            cell      = O
            ------------
            player_id = 0
            index     = 7
            cell      = X
            ------------
********************

 O  -  -  -  -  -  X  -  - 
 -  -  -  -  -  -  -  -  - 
 -  X  -  -  -  -  -  -  - 
 -  -  -  -  -  -  -  -  - 
 -  -  -  -  -  -  -  -  - 
 -  -  -  -  -  -  -  -  - 
 -  -  -  -  -  -  -  -  - 
 -  -  -  -  -  -  -  -  - 
 -  -  -  -  -  -  -  -  - 
**[ REPORT ]**
********************
> Room
      room_id = 2
> Players
      id = 1
      cell = O
      isBot? 0
> DataAction
      value = 65
> TypeGame
      ST
> TypeAction
      Step
> TypeStatus
      Active
> Valid
      is valid? 1
> GameResult
      is end? 0
> Steps
            player_id = 0
            index     = 18
            cell      = X
            ------------
            player_id = 1
            index     = 0
            cell      = O
            ------------
            player_id = 0
            index     = 7
            cell      = X
            ------------
            player_id = 1
            index     = 65
            cell      = O
            ------------
********************

 O  -  -  -  -  -  X  -  - 
 -  -  -  -  -  -  -  -  - 
 -  X  -  -  -  -  -  -  - 
 -  -  -  -  -  -  -  -  - 
 -  -  -  -  -  -  -  -  - 
 -  -  -  -  -  -  -  -  - 
 -  -  -  -  -  O  -  -  - 
 -  -  -  -  -  -  -  -  - 
 -  -  -  -  -  -  -  -  - 
**[ REPORT ]**
********************
> Room
      room_id = 2
> Players
      id = 0
      cell = X
      isBot? 0
> DataAction
      value = 23
> TypeGame
      ST
> TypeAction
      Step
> TypeStatus
      Active
> Valid
      is valid? 1
> GameResult
      is end? 0
> Steps
            player_id = 0
            index     = 18
            cell      = X
            ------------
            player_id = 1
            index     = 0
            cell      = O
            ------------
            player_id = 0
            index     = 7
            cell      = X
            ------------
            player_id = 1
            index     = 65
            cell      = O
            ------------
            player_id = 0
            index     = 23
            cell      = X
            ------------
********************

 O  -  -  -  -  -  X  -  - 
 -  -  -  -  -  -  -  -  X 
 -  X  -  -  -  -  -  -  - 
 -  -  -  -  -  -  -  -  - 
 -  -  -  -  -  -  -  -  - 
 -  -  -  -  -  -  -  -  - 
 -  -  -  -  -  O  -  -  - 
 -  -  -  -  -  -  -  -  - 
 -  -  -  -  -  -  -  -  - 
**[ REPORT ]**
********************
> Room
      room_id = 2
> Players
      id = 1
      cell = O
      isBot? 0
> DataAction
      value = 50
> TypeGame
      ST
> TypeAction
      Step
> TypeStatus
      Active
> Valid
      is valid? 1
> GameResult
      is end? 0
> Steps
            player_id = 0
            index     = 18
            cell      = X
            ------------
            player_id = 1
            index     = 0
            cell      = O
            ------------
            player_id = 0
            index     = 7
            cell      = X
            ------------
            player_id = 1
            index     = 65
            cell      = O
            ------------
            player_id = 0
            index     = 23
            cell      = X
            ------------
            player_id = 1
            index     = 50
            cell      = O
            ------------
********************

 O  -  -  -  -  -  X  -  - 
 -  -  -  -  -  -  -  -  X 
 -  X  -  -  -  -  -  -  - 
 -  -  -  -  -  -  -  -  - 
 -  -  -  -  -  -  -  -  O 
 -  -  -  -  -  -  -  -  - 
 -  -  -  -  -  O  -  -  - 
 -  -  -  -  -  -  -  -  - 
 -  -  -  -  -  -  -  -  - 
