**[ REPORT ]**
********************
> Room
      room_id = 6
> Players
      id = 0
      cell = X
      isBot? 0
> DataAction
      value = 73
> TypeGame
      ST
> TypeAction
      Step
> TypeStatus
      Active
> Valid
      is valid? 1
> GameResult
      is end? 0
> Steps
            player_id = 0
            index     = 73
            cell      = X
            ------------
********************

 -  -  -  -  -  -  -  -  - 
 -  -  -  -  -  -  -  -  - 
 -  -  -  -  -  -  -  -  - 
 -  -  -  -  -  -  -  -  - 
 -  -  -  -  -  -  -  -  - 
 -  -  -  -  -  -  -  -  - 
 -  -  -  -  -  -  -  X  - 
 -  -  -  -  -  -  -  -  - 
 -  -  -  -  -  -  -  -  - 
**[ REPORT ]**
********************
> Room
      room_id = 6
> Players
      id = 1
      cell = O
      isBot? 0
> DataAction
      value = 17
> TypeGame
      ST
> TypeAction
      Step
> TypeStatus
      Active
> Valid
      is valid? 1
> GameResult
      is end? 0
> Steps
            player_id = 0
            index     = 73
            cell      = X
            ------------
            player_id = 1
            index     = 17
            cell      = O
            ------------
********************

 -  -  -  -  -  -  -  -  - 
 -  -  -  -  -  -  -  -  - 
 -  -  -  -  -  O  -  -  - 
 -  -  -  -  -  -  -  -  - 
 -  -  -  -  -  -  -  -  - 
 -  -  -  -  -  -  -  -  - 
 -  -  -  -  -  -  -  X  - 
 -  -  -  -  -  -  -  -  - 
 -  -  -  -  -  -  -  -  - 
**[ REPORT ]**
********************
> Room
      room_id = 6
> Players
      id = 0
      cell = X
      isBot? 0
> DataAction
      value = 74
> TypeGame
      ST
> TypeAction
      Step
> TypeStatus
      Active
> Valid
      is valid? 1
> GameResult
      is end? 0
> Steps
            player_id = 0
            index     = 73
            cell      = X
            ------------
            player_id = 1
            index     = 17
            cell      = O
            ------------
            player_id = 0
            index     = 74
            cell      = X
            ------------
********************

 -  -  -  -  -  -  -  -  - 
 -  -  -  -  -  -  -  -  - 
 -  -  -  -  -  O  -  -  - 
 -  -  -  -  -  -  -  -  - 
 -  -  -  -  -  -  -  -  - 
 -  -  -  -  -  -  -  -  - 
 -  -  -  -  -  -  -  X  X 
 -  -  -  -  -  -  -  -  - 
 -  -  -  -  -  -  -  -  - 
**[ REPORT ]**
********************
> Room
      room_id = 6
> Players
      id = 1
      cell = O
      isBot? 0
> DataAction
      value = 19
> TypeGame
      ST
> TypeAction
      Step
> TypeStatus
      Active
> Valid
      is valid? 1
> GameResult
      is end? 0
> Steps
            player_id = 0
            index     = 73
            cell      = X
            ------------
            player_id = 1
            index     = 17
            cell      = O
            ------------
            player_id = 0
            index     = 74
            cell      = X
            ------------
            player_id = 1
            index     = 19
            cell      = O
            ------------
********************

 -  -  -  -  -  -  -  O  - 
 -  -  -  -  -  -  -  -  - 
 -  -  -  -  -  O  -  -  - 
 -  -  -  -  -  -  -  -  - 
 -  -  -  -  -  -  -  -  - 
 -  -  -  -  -  -  -  -  - 
 -  -  -  -  -  -  -  X  X 
 -  -  -  -  -  -  -  -  - 
 -  -  -  -  -  -  -  -  - 
**[ REPORT ]**
********************
> Room
      room_id = 6
> Players
      id = 0
      cell = X
      isBot? 0
> DataAction
      value = 15
> TypeGame
      ST
> TypeAction
      Step
> TypeStatus
      Active
> Valid
      is valid? 1
> GameResult
      is end? 0
> Steps
            player_id = 0
            index     = 73
            cell      = X
            ------------
            player_id = 1
            index     = 17
            cell      = O
            ------------
            player_id = 0
            index     = 74
            cell      = X
            ------------
            player_id = 1
            index     = 19
            cell      = O
            ------------
            player_id = 0
            index     = 15
            cell      = X
            ------------
********************

 -  -  -  -  -  -  -  O  - 
 -  -  -  -  -  -  -  -  - 
 -  -  -  X  -  O  -  -  - 
 -  -  -  -  -  -  -  -  - 
 -  -  -  -  -  -  -  -  - 
 -  -  -  -  -  -  -  -  - 
 -  -  -  -  -  -  -  X  X 
 -  -  -  -  -  -  -  -  - 
 -  -  -  -  -  -  -  -  - 
**[ REPORT ]**
********************
> Room
      room_id = 6
> Players
      id = 1
      cell = O
      isBot? 0
> DataAction
      value = 60
> TypeGame
      ST
> TypeAction
      Step
> TypeStatus
      Active
> Valid
      is valid? 1
> GameResult
      is end? 0
> Steps
            player_id = 0
            index     = 73
            cell      = X
            ------------
            player_id = 1
            index     = 17
            cell      = O
            ------------
            player_id = 0
            index     = 74
            cell      = X
            ------------
            player_id = 1
            index     = 19
            cell      = O
            ------------
            player_id = 0
            index     = 15
            cell      = X
            ------------
            player_id = 1
            index     = 60
            cell      = O
            ------------
********************

 -  -  -  -  -  -  -  O  - 
 -  -  -  -  -  -  -  -  - 
 -  -  -  X  -  O  -  -  - 
 -  -  -  -  -  -  -  -  - 
 -  -  -  -  -  -  -  -  - 
 -  -  -  -  -  -  -  -  - 
 -  -  -  -  -  -  -  X  X 
 -  -  -  -  -  -  -  -  - 
 O  -  -  -  -  -  -  -  - 
