**[ REPORT ]**
********************
> Room
      room_id = 3
> Players
      id = 0
      cell = X
      isBot? 0
> DataAction
      value = 79
> TypeGame
      ST
> TypeAction
      Step
> TypeStatus
      Active
> Valid
      is valid? 1
> GameResult
      is end? 0
> Steps
            player_id = 0
            index     = 79
            cell      = X
            ------------
********************

 -  -  -  -  -  -  -  -  - 
 -  -  -  -  -  -  -  -  - 
 -  -  -  -  -  -  -  -  - 
 -  -  -  -  -  -  -  -  - 
 -  -  -  -  -  -  -  -  - 
 -  -  -  -  -  -  -  -  - 
 -  -  -  -  -  -  -  -  - 
 -  -  -  -  -  -  -  -  - 
 -  -  -  -  -  -  -  X  - 
**[ REPORT ]**
********************
> Room
      room_id = 3
> Players
      id = 1
      cell = O
      isBot? 0
> DataAction
      value = 70
> TypeGame
      ST
> TypeAction
      Step
> TypeStatus
      Active
> Valid
      is valid? 1
> GameResult
      is end? 0
> Steps
            player_id = 0
            index     = 79
            cell      = X
            ------------
            player_id = 1
            index     = 70
            cell      = O
            ------------
********************

 -  -  -  -  -  -  -  -  - 
 -  -  -  -  -  -  -  -  - 
 -  -  -  -  -  -  -  -  - 
 -  -  -  -  -  -  -  -  - 
 -  -  -  -  -  -  -  -  - 
 -  -  -  -  -  -  -  -  - 
 -  -  -  -  -  -  -  -  - 
 -  -  -  -  -  -  -  -  - 
 -  -  -  -  O  -  -  X  - 
**[ REPORT ]**
********************
> Room
      room_id = 3
> Players
      id = 0
      cell = X
      isBot? 0
> DataAction
      value = 65
> TypeGame
      ST
> TypeAction
      Step
> TypeStatus
      Active
> Valid
      is valid? 1
> GameResult
      is end? 0
> Steps
            player_id = 0
            index     = 79
            cell      = X
            ------------
            player_id = 1
            index     = 70
            cell      = O
            ------------
            player_id = 0
            index     = 65
            cell      = X
            ------------
********************

 -  -  -  -  -  -  -  -  - 
 -  -  -  -  -  -  -  -  - 
 -  -  -  -  -  -  -  -  - 
 -  -  -  -  -  -  -  -  - 
 -  -  -  -  -  -  -  -  - 
 -  -  -  -  -  -  -  -  - 
 -  -  -  -  -  X  -  -  - 
 -  -  -  -  -  -  -  -  - 
 -  -  -  -  O  -  -  X  - 
**[ REPORT ]**
********************
> Room
      room_id = 3
> Players
      id = 1
      cell = O
      isBot? 0
> DataAction
      value = 20
> TypeGame
      ST
> TypeAction
      Step
> TypeStatus
      Active
> Valid
      is valid? 1
> GameResult
      is end? 0
> Steps
            player_id = 0
            index     = 79
            cell      = X
            ------------
            player_id = 1
            index     = 70
            cell      = O
            ------------
            player_id = 0
            index     = 65
            cell      = X
            ------------
            player_id = 1
            index     = 20
            cell      = O
            ------------
********************

 -  -  -  -  -  -  -  -  O 
 -  -  -  -  -  -  -  -  - 
 -  -  -  -  -  -  -  -  - 
 -  -  -  -  -  -  -  -  - 
 -  -  -  -  -  -  -  -  - 
 -  -  -  -  -  -  -  -  - 
 -  -  -  -  -  X  -  -  - 
 -  -  -  -  -  -  -  -  - 
 -  -  -  -  O  -  -  X  - 
**[ REPORT ]**
********************
> Room
      room_id = 3
> Players
      id = 0
      cell = X
      isBot? 0
> DataAction
      value = 26
> TypeGame
      ST
> TypeAction
      Step
> TypeStatus
      Active
> Valid
      is valid? 1
> GameResult
      is end? 0
> Steps
            player_id = 0
            index     = 79
            cell      = X
            ------------
            player_id = 1
            index     = 70
            cell      = O
            ------------
            player_id = 0
            index     = 65
            cell      = X
            ------------
            player_id = 1
            index     = 20
            cell      = O
            ------------
            player_id = 0
            index     = 26
            cell      = X
            ------------
********************

 -  -  -  -  -  -  -  -  O 
 -  -  -  -  -  -  -  -  - 
 -  -  -  -  -  -  -  -  X 
 -  -  -  -  -  -  -  -  - 
 -  -  -  -  -  -  -  -  - 
 -  -  -  -  -  -  -  -  - 
 -  -  -  -  -  X  -  -  - 
 -  -  -  -  -  -  -  -  - 
 -  -  -  -  O  -  -  X  - 
**[ REPORT ]**
********************
> Room
      room_id = 3
> Players
      id = 1
      cell = O
      isBot? 0
> DataAction
      value = 75
> TypeGame
      ST
> TypeAction
      Step
> TypeStatus
      Active
> Valid
      is valid? 1
> GameResult
      is end? 0
> Steps
            player_id = 0
            index     = 79
            cell      = X
            ------------
            player_id = 1
            index     = 70
            cell      = O
            ------------
            player_id = 0
            index     = 65
            cell      = X
            ------------
            player_id = 1
            index     = 20
            cell      = O
            ------------
            player_id = 0
            index     = 26
            cell      = X
            ------------
            player_id = 1
            index     = 75
            cell      = O
            ------------
********************

 -  -  -  -  -  -  -  -  O 
 -  -  -  -  -  -  -  -  - 
 -  -  -  -  -  -  -  -  X 
 -  -  -  -  -  -  -  -  - 
 -  -  -  -  -  -  -  -  - 
 -  -  -  -  -  -  -  -  - 
 -  -  -  -  -  X  -  -  - 
 -  -  -  -  -  -  O  -  - 
 -  -  -  -  O  -  -  X  - 
