**[ REPORT ]**
********************
> Room
      room_id = 5
> Players
      id = 0
      cell = X
      isBot? 0
> DataAction
      value = 25
> TypeGame
      ST
> TypeAction
      Step
> TypeStatus
      Active
> Valid
      is valid? 1
> GameResult
      is end? 0
> Steps
            player_id = 0
            index     = 25
            cell      = X
            ------------
********************

 -  -  -  -  -  -  -  -  - 
 -  -  -  -  -  -  -  -  - 
 -  -  -  -  -  -  -  X  - 
 -  -  -  -  -  -  -  -  - 
 -  -  -  -  -  -  -  -  - 
 -  -  -  -  -  -  -  -  - 
 -  -  -  -  -  -  -  -  - 
 -  -  -  -  -  -  -  -  - 
 -  -  -  -  -  -  -  -  - 
**[ REPORT ]**
********************
> Room
      room_id = 5
> Players
      id = 1
      cell = O
      isBot? 0
> DataAction
      value = 71
> TypeGame
      ST
> TypeAction
      Step
> TypeStatus
      Active
> Valid
      is valid? 1
> GameResult
      is end? 0
> Steps
            player_id = 0
            index     = 25
            cell      = X
            ------------
            player_id = 1
            index     = 71
            cell      = O
            ------------
********************

 -  -  -  -  -  -  -  -  - 
 -  -  -  -  -  -  -  -  - 
 -  -  -  -  -  -  -  X  - 
 -  -  -  -  -  -  -  -  - 
 -  -  -  -  -  -  -  -  - 
 -  -  -  -  -  -  -  -  - 
 -  -  -  -  -  -  -  -  - 
 -  -  -  -  -  -  -  -  - 
 -  -  -  -  -  O  -  -  - 
**[ REPORT ]**
********************
> Room
      room_id = 5
> Players
      id = 0
      cell = X
      isBot? 0
> DataAction
      value = 75
> TypeGame
      ST
> TypeAction
      Step
> TypeStatus
      Active
> Valid
      is valid? 1
> GameResult
      is end? 0
> Steps
            player_id = 0
            index     = 25
            cell      = X
            ------------
            player_id = 1
            index     = 71
            cell      = O
            ------------
            player_id = 0
            index     = 75
            cell      = X
            ------------
********************

 -  -  -  -  -  -  -  -  - 
 -  -  -  -  -  -  -  -  - 
 -  -  -  -  -  -  -  X  - 
 -  -  -  -  -  -  -  -  - 
 -  -  -  -  -  -  -  -  - 
 -  -  -  -  -  -  -  -  - 
 -  -  -  -  -  -  -  -  - 
 -  -  -  -  -  -  X  -  - 
 -  -  -  -  -  O  -  -  - 
**[ REPORT ]**
********************
> Room
      room_id = 5
> Players
      id = 1
      cell = O
      isBot? 0
> DataAction
      value = 29
> TypeGame
      ST
> TypeAction
      Step
> TypeStatus
      Active
> Valid
      is valid? 1
> GameResult
      is end? 0
> Steps
            player_id = 0
            index     = 25
            cell      = X
            ------------
            player_id = 1
            index     = 71
            cell      = O
            ------------
            player_id = 0
            index     = 75
            cell      = X
            ------------
            player_id = 1
            index     = 29
            cell      = O
            ------------
********************

 -  -  -  -  -  -  -  -  - 
 -  -  -  -  -  -  -  -  - 
 -  -  -  -  -  -  -  X  - 
 -  -  O  -  -  -  -  -  - 
 -  -  -  -  -  -  -  -  - 
 -  -  -  -  -  -  -  -  - 
 -  -  -  -  -  -  -  -  - 
 -  -  -  -  -  -  X  -  - 
 -  -  -  -  -  O  -  -  - 
**[ REPORT ]**
********************
> Room
      room_id = 5
> Players
      id = 0
      cell = X
      isBot? 0
> DataAction
      value = 19
> TypeGame
      ST
> TypeAction
      Step
> TypeStatus
      Active
> Valid
      is valid? 1
> GameResult
      is end? 0
> Steps
            player_id = 0
            index     = 25
            cell      = X
            ------------
            player_id = 1
            index     = 71
            cell      = O
            ------------
            player_id = 0
            index     = 75
            cell      = X
            ------------
            player_id = 1
            index     = 29
            cell      = O
            ------------
            player_id = 0
            index     = 19
            cell      = X
            ------------
********************

 -  -  -  -  -  -  -  X  - 
 -  -  -  -  -  -  -  -  - 
 -  -  -  -  -  -  -  X  - 
 -  -  O  -  -  -  -  -  - 
 -  -  -  -  -  -  -  -  - 
 -  -  -  -  -  -  -  -  - 
 -  -  -  -  -  -  -  -  - 
 -  -  -  -  -  -  X  -  - 
 -  -  -  -  -  O  -  -  - 
**[ REPORT ]**
********************
> Room
      room_id = 5
> Players
      id = 1
      cell = O
      isBot? 0
> DataAction
      value = 16
> TypeGame
      ST
> TypeAction
      Step
> TypeStatus
      Active
> Valid
      is valid? 1
> GameResult
      is end? 0
> Steps
            player_id = 0
            index     = 25
            cell      = X
            ------------
            player_id = 1
            index     = 71
            cell      = O
            ------------
            player_id = 0
            index     = 75
            cell      = X
            ------------
            player_id = 1
            index     = 29
            cell      = O
            ------------
            player_id = 0
            index     = 19
            cell      = X
            ------------
            player_id = 1
            index     = 16
            cell      = O
            ------------
********************

 -  -  -  -  -  -  -  X  - 
 -  -  -  -  -  -  -  -  - 
 -  -  -  -  O  -  -  X  - 
 -  -  O  -  -  -  -  -  - 
 -  -  -  -  -  -  -  -  - 
 -  -  -  -  -  -  -  -  - 
 -  -  -  -  -  -  -  -  - 
 -  -  -  -  -  -  X  -  - 
 -  -  -  -  -  O  -  -  - 
