**[ REPORT ]**
********************
> Room
      room_id = 8
> Players
      id = 0
      cell = X
      isBot? 0
> DataAction
      value = 6
> TypeGame
      ST
> TypeAction
      Step
> TypeStatus
      Active
> Valid
      is valid? 1
> GameResult
      is end? 0
> Steps
            player_id = 0
            index     = 6
            cell      = X
            ------------
********************

 -  -  -  -  -  -  -  -  - 
 -  -  -  -  -  -  -  -  - 
 X  -  -  -  -  -  -  -  - 
 -  -  -  -  -  -  -  -  - 
 -  -  -  -  -  -  -  -  - 
 -  -  -  -  -  -  -  -  - 
 -  -  -  -  -  -  -  -  - 
 -  -  -  -  -  -  -  -  - 
 -  -  -  -  -  -  -  -  - 
**[ REPORT ]**
********************
> Room
      room_id = 8
> Players
      id = 1
      cell = O
      isBot? 0
> DataAction
      value = 60
> TypeGame
      ST
> TypeAction
      Step
> TypeStatus
      Active
> Valid
      is valid? 1
> GameResult
      is end? 0
> Steps
            player_id = 0
            index     = 6
            cell      = X
            ------------
            player_id = 1
            index     = 60
            cell      = O
            ------------
********************

 -  -  -  -  -  -  -  -  - 
 -  -  -  -  -  -  -  -  - 
 X  -  -  -  -  -  -  -  - 
 -  -  -  -  -  -  -  -  - 
 -  -  -  -  -  -  -  -  - 
 -  -  -  -  -  -  -  -  - 
 -  -  -  -  -  -  -  -  - 
 -  -  -  -  -  -  -  -  - 
 O  -  -  -  -  -  -  -  - 
**[ REPORT ]**
********************
> Room
      room_id = 8
> Players
      id = 0
      cell = X
      isBot? 0
> DataAction
      value = 57
> TypeGame
      ST
> TypeAction
      Step
> TypeStatus
      Active
> Valid
      is valid? 1
> GameResult
      is end? 0
> Steps
            player_id = 0
            index     = 6
            cell      = X
            ------------
            player_id = 1
            index     = 60
            cell      = O
            ------------
            player_id = 0
            index     = 57
            cell      = X
            ------------
********************

 -  -  -  -  -  -  -  -  - 
 -  -  -  -  -  -  -  -  - 
 X  -  -  -  -  -  -  -  - 
 -  -  -  -  -  -  -  -  - 
 -  -  -  -  -  -  -  -  - 
 -  -  -  -  -  -  -  -  - 
 -  -  -  -  -  -  -  -  - 
 X  -  -  -  -  -  -  -  - 
 O  -  -  -  -  -  -  -  - 
**[ REPORT ]**
********************
> Room
      room_id = 8
> Players
      id = 1
      cell = O
      isBot? 0
> DataAction
      value = 35
> TypeGame
      ST
> TypeAction
      Step
> TypeStatus
      Active
> Valid
      is valid? 1
> GameResult
      is end? 0
> Steps
            player_id = 0
            index     = 6
            cell      = X
            ------------
            player_id = 1
            index     = 60
            cell      = O
            ------------
            player_id = 0
            index     = 57
            cell      = X
            ------------
            player_id = 1
            index     = 35
            cell      = O
            ------------
********************

 -  -  -  -  -  -  -  -  - 
 -  -  -  -  -  -  -  -  - 
 X  -  -  -  -  -  -  -  - 
 -  -  -  -  -  -  -  -  - 
 -  -  -  -  -  -  -  -  - 
 -  -  O  -  -  -  -  -  - 
 -  -  -  -  -  -  -  -  - 
 X  -  -  -  -  -  -  -  - 
 O  -  -  -  -  -  -  -  - 
**[ REPORT ]**
********************
> Room
      room_id = 8
> Players
      id = 0
      cell = X
      isBot? 0
> DataAction
      value = 76
> TypeGame
      ST
> TypeAction
      Step
> TypeStatus
      Active
> Valid
      is valid? 1
> GameResult
      is end? 0
> Steps
            player_id = 0
            index     = 6
            cell      = X
            ------------
            player_id = 1
            index     = 60
            cell      = O
            ------------
            player_id = 0
            index     = 57
            cell      = X
            ------------
            player_id = 1
            index     = 35
            cell      = O
            ------------
            player_id = 0
            index     = 76
            cell      = X
            ------------
********************

 -  -  -  -  -  -  -  -  - 
 -  -  -  -  -  -  -  -  - 
 X  -  -  -  -  -  -  -  - 
 -  -  -  -  -  -  -  -  - 
 -  -  -  -  -  -  -  -  - 
 -  -  O  -  -  -  -  -  - 
 -  -  -  -  -  -  -  -  - 
 X  -  -  -  -  -  -  X  - 
 O  -  -  -  -  -  -  -  - 
**[ REPORT ]**
********************
> Room
      room_id = 8
> Players
      id = 1
      cell = O
      isBot? 0
> DataAction
      value = 44
> TypeGame
      ST
> TypeAction
      Step
> TypeStatus
      Active
> Valid
      is valid? 1
> GameResult
      is end? 0
> Steps
            player_id = 0
            index     = 6
            cell      = X
            ------------
            player_id = 1
            index     = 60
            cell      = O
            ------------
            player_id = 0
            index     = 57
            cell      = X
            ------------
            player_id = 1
            index     = 35
            cell      = O
            ------------
            player_id = 0
            index     = 76
            cell      = X
            ------------
            player_id = 1
            index     = 44
            cell      = O
            ------------
********************

 -  -  -  -  -  -  -  -  - 
 -  -  -  -  -  -  -  -  - 
 X  -  -  -  -  -  -  -  - 
 -  -  -  -  -  -  -  -  - 
 -  -  -  -  -  -  -  -  - 
 -  -  O  -  -  O  -  -  - 
 -  -  -  -  -  -  -  -  - 
 X  -  -  -  -  -  -  X  - 
 O  -  -  -  -  -  -  -  - 
