==========[ 0 ]==========
 -  -  -  -  -  -  -  -  - 
 -  X  -  -  X  -  X  -  X 
 -  -  -  -  -  -  -  -  - 
 -  -  O  O  O  O  -  -  - 
 -  -  O  -  X  -  X  -  - 
 -  -  O  -  -  -  O  O  O 
 -  -  -  -  -  -  -  -  - 
 -  -  X  -  -  X  X  -  - 
 -  -  -  -  -  -  -  -  - 
==========================


==========[ 1 ]==========
 -  -  -  -  -  -  -  -  - 
 -  X  -  -  X  -  X  -  X 
 -  -  -  -  -  -  -  -  - 
 -  -  O  O  O  O  -  -  - 
 -  -  O  -  X  -  X  -  - 
 -  -  O  -  -  -  O  O  O 
 -  -  -  -  -  -  -  -  - 
 -  -  X  -  -  X  X  -  - 
 -  -  -  -  -  -  -  -  - 
==========================


