**[ REPORT ]**
********************
> Room
      room_id = 11
> Players
      id = 0
      cell = X
      isBot? 0
> DataAction
      value = 8
> TypeGame
      ST
> TypeAction
      Step
> TypeStatus
      Finished
> Valid
      is valid? 1
> GameResult
      is end? 1
      winner = X
> Winner
      id = 0
      cell = X
      isBot? 0
      draw? 0
> Steps
            player_id = 0
            index     = 31
            cell      = X
            ------------
            player_id = 1
            index     = 44
            cell      = O
            ------------
            player_id = 0
            index     = 72
            cell      = X
            ------------
            player_id = 1
            index     = 5
            cell      = O
            ------------
            player_id = 0
            index     = 45
            cell      = X
            ------------
            player_id = 1
            index     = 3
            cell      = O
            ------------
            player_id = 0
            index     = 29
            cell      = X
            ------------
            player_id = 1
            index     = 24
            cell      = O
            ------------
            player_id = 0
            index     = 61
            cell      = X
            ------------
            player_id = 1
            index     = 63
            cell      = O
            ------------
            player_id = 0
            index     = 1
            cell      = X
            ------------
            player_id = 1
            index     = 17
            cell      = O
            ------------
            player_id = 0
            index     = 78
            cell      = X
            ------------
            player_id = 1
            index     = 60
            cell      = O
            ------------
            player_id = 0
            index     = 62
            cell      = X
            ------------
            player_id = 1
            index     = 73
            cell      = O
            ------------
            player_id = 0
            index     = 10
            cell      = X
            ------------
            player_id = 1
            index     = 9
            cell      = O
            ------------
            player_id = 0
            index     = 7
            cell      = X
            ------------
            player_id = 1
            index     = 70
            cell      = O
            ------------
            player_id = 0
            index     = 68
            cell      = X
            ------------
            player_id = 1
            index     = 49
            cell      = O
            ------------
            player_id = 0
            index     = 36
            cell      = X
            ------------
            player_id = 1
            index     = 0
            cell      = O
            ------------
            player_id = 0
            index     = 2
            cell      = X
            ------------
            player_id = 1
            index     = 18
            cell      = O
            ------------
            player_id = 0
            index     = 6
            cell      = X
            ------------
            player_id = 1
            index     = 55
            cell      = O
            ------------
            player_id = 0
            index     = 15
            cell      = X
            ------------
            player_id = 1
            index     = 58
            cell      = O
            ------------
            player_id = 0
            index     = 42
            cell      = X
            ------------
            player_id = 1
            index     = 56
            cell      = O
            ------------
            player_id = 0
            index     = 25
            cell      = X
            ------------
            player_id = 1
            index     = 67
            cell      = O
            ------------
            player_id = 0
            index     = 39
            cell      = X
            ------------
            player_id = 1
            index     = 35
            cell      = O
            ------------
            player_id = 0
            index     = 75
            cell      = X
            ------------
            player_id = 1
            index     = 27
            cell      = O
            ------------
            player_id = 0
            index     = 8
            cell      = X
            ------------
********************

 O  X  X  O  X  -  O  -  - 
 O  -  O  -  -  -  -  -  - 
 X  X  X  X  -  O  O  X  - 
 O  -  X  X  -  -  X  -  - 
 -  X  -  X  -  -  -  O  - 
 -  -  O  X  -  O  -  -  - 
 -  O  O  O  -  -  X  O  - 
 -  O  -  -  O  X  X  -  - 
 O  X  X  -  O  -  X  -  - 
