==========[ 11 ]==========
 O  X  X  O  X  -  O  -  - 
 O  -  O  -  -  -  -  -  - 
 X  X  X  X  -  O  O  X  - 
 O  -  X  X  -  -  X  -  - 
 -  X  -  X  -  -  -  O  - 
 -  -  O  X  -  O  -  -  - 
 -  O  O  O  -  -  X  O  - 
 -  O  -  -  O  X  X  -  - 
 O  X  X  -  O  -  X  -  - 
==========================


==========[ 3 ]==========
 O  -  -  -  -  -  O  -  O 
 -  -  X  -  -  O  O  -  - 
 O  X  X  -  X  -  O  X  X 
 X  -  -  -  -  X  O  -  X 
 -  X  X  O  O  O  O  O  - 
 -  X  X  X  -  X  X  X  O 
 O  -  X  -  O  X  X  X  O 
 -  X  X  O  O  X  O  X  O 
 -  O  O  O  O  O  X  X  O 
==========================


==========[ 1 ]==========
 O  -  O  X  -  X  O  -  O 
 -  X  O  O  O  X  X  -  O 
 O  X  -  -  -  X  X  O  - 
 -  O  -  X  X  X  X  O  X 
 X  X  O  -  O  X  O  O  X 
 X  X  O  -  O  X  X  O  X 
 -  O  -  X  O  X  -  X  - 
 O  O  O  X  O  X  O  -  O 
 X  O  X  O  X  X  X  O  O 
==========================


==========[ 7 ]==========
 -  O  O  X  -  O  X  -  - 
 X  O  -  X  O  -  X  O  - 
 O  O  -  X  -  X  X  O  O 
 X  X  -  -  X  X  X  O  - 
 O  O  O  X  O  X  -  -  - 
 O  O  O  O  X  X  O  X  X 
 X  O  X  O  O  O  -  -  X 
 X  X  O  X  X  X  O  X  O 
 O  X  X  X  O  -  O  X  O 
==========================


==========[ 9 ]==========
 -  -  O  X  X  X  O  X  O 
 -  O  -  O  X  X  O  X  O 
 O  X  O  -  O  X  O  O  X 
 X  O  X  -  O  X  -  O  X 
 X  X  O  X  O  X  O  O  O 
 O  -  X  X  O  -  X  X  - 
 X  O  X  -  -  O  X  O  X 
 O  O  -  X  O  X  O  -  X 
 X  O  X  X  X  O  O  -  O 
==========================


==========[ 14 ]==========
 O  O  O  O  O  O  X  -  X 
 -  X  X  -  X  X  X  O  O 
 X  O  X  X  -  X  X  X  O 
 O  X  X  X  X  -  X  O  O 
 -  -  X  X  O  X  O  O  X 
 X  X  O  X  O  X  -  X  O 
 O  -  O  -  O  X  X  X  O 
 O  O  O  O  O  O  O  O  - 
 -  -  -  -  X  O  O  X  X 
==========================


==========[ 12 ]==========
 X  X  O  O  -  X  O  O  X 
 X  X  O  X  X  X  X  O  X 
 -  X  O  O  O  -  -  O  X 
 O  O  O  X  O  -  O  O  X 
 O  X  X  O  O  X  O  O  O 
 X  X  X  O  O  -  O  X  O 
 X  -  O  O  X  O  -  X  X 
 X  -  X  O  -  X  X  X  X 
 X  X  O  O  X  O  O  -  O 
==========================


==========[ 6 ]==========
 -  X  O  O  O  -  O  O  O 
 -  X  -  O  O  X  O  X  O 
 X  O  -  X  X  O  X  -  O 
 X  -  X  O  O  X  O  X  X 
 O  X  O  O  -  O  X  X  X 
 X  X  X  O  X  O  -  O  O 
 -  X  X  -  X  X  X  X  X 
 O  O  O  X  X  O  O  X  X 
 O  O  O  X  O  O  X  O  X 
==========================


==========[ 13 ]==========
 O  O  X  X  O  X  O  -  O 
 O  O  X  O  X  O  -  O  X 
 O  O  O  O  O  -  X  O  O 
 X  X  -  X  X  X  X  X  O 
 -  O  X  O  X  O  X  O  O 
 X  O  X  O  O  O  O  O  X 
 X  X  X  X  O  X  X  X  - 
 O  X  X  X  X  X  O  X  - 
 O  X  X  O  X  X  O  O  O 
==========================


==========[ 2 ]==========
 O  X  O  X  -  O  X  O  X 
 O  X  X  X  O  X  -  X  X 
 O  X  X  -  O  X  O  O  X 
 O  -  X  O  O  O  O  O  O 
 X  O  O  X  O  X  -  X  O 
 -  O  O  X  O  X  X  O  X 
 X  X  -  X  X  O  O  O  X 
 O  O  -  X  X  X  X  X  O 
 X  O  O  X  X  O  O  O  - 
==========================


==========[ 0 ]==========
 -  O  O  X  X  O  X  X  O 
 X  O  O  X  O  X  X  X  X 
 O  O  O  X  O  X  X  X  X 
 X  O  O  X  O  X  X  X  O 
 O  O  X  X  O  X  O  O  X 
 O  X  O  O  O  X  X  O  X 
 X  O  O  X  O  O  O  O  O 
 X  X  O  X  X  O  O  O  O 
 O  X  -  X  O  X  X  X  X 
==========================


==========[ 4 ]==========
 O  X  X  X  X  O  O  X  O 
 X  O  O  O  O  X  X  O  O 
 X  X  X  O  O  O  O  X  O 
 O  O  X  O  X  X  X  O  X 
 X  X  O  X  X  X  O  O  X 
 O  X  O  O  O  O  O  O  X 
 O  X  X  X  X  O  O  X  X 
 O  O  X  O  X  X  X  X  O 
 X  X  X  X  O  O  O  O  X 
==========================


==========[ 8 ]==========
 X  O  O  O  O  X  X  X  X 
 X  X  O  X  X  X  O  X  X 
 X  X  O  O  X  O  O  X  O 
 O  X  X  O  X  O  X  O  O 
 O  X  X  O  -  O  X  X  O 
 X  O  O  O  -  O  O  O  O 
 X  O  O  O  O  O  X  X  O 
 X  O  X  O  X  O  O  X  X 
 O  X  X  X  X  O  X  X  X 
==========================


==========[ 10 ]==========
 X  O  X  X  O  O  X  O  X 
 X  X  O  O  X  X  O  O  X 
 O  O  O  X  O  X  X  X  X 
 X  X  O  O  X  X  O  O  O 
 O  O  X  X  X  X  O  O  X 
 X  O  X  O  X  O  O  X  O 
 O  X  O  X  X  X  O  O  O 
 O  X  X  X  O  O  X  O  X 
 X  O  O  O  O  X  X  O  X 
==========================


==========[ 5 ]==========
 X  X  X  O  X  X  O  X  O 
 X  X  X  O  X  X  O  X  X 
 O  X  X  O  O  O  X  X  O 
 O  X  O  O  X  O  O  O  X 
 X  X  O  O  O  O  X  O  O 
 X  O  X  X  O  O  O  X  O 
 O  O  O  O  O  X  O  O  X 
 O  X  X  O  X  X  X  X  X 
 O  X  O  X  O  O  X  X  X 
==========================


