==========[ 66 ]==========
 O  O  O  X  -  O  X  O  - 
 X  X  X  O  X  -  X  X  - 
 O  X  -  X  X  X  X  -  X 
 O  X  X  O  O  O  X  O  - 
 -  O  -  X  X  O  -  -  - 
 O  -  -  -  -  -  X  -  - 
 X  X  O  -  O  -  O  -  O 
 -  O  O  -  -  -  -  -  - 
 X  -  O  O  -  -  -  -  X 
==========================


==========[ 11 ]==========
 X  X  X  X  O  -  X  -  O 
 -  O  O  X  X  X  -  X  O 
 -  -  O  -  -  X  O  X  X 
 -  O  O  -  O  O  -  O  X 
 O  -  -  -  -  -  -  -  - 
 X  O  -  X  -  -  -  X  O 
 O  -  O  O  O  X  O  -  - 
 X  -  -  X  -  X  X  X  - 
 O  O  X  X  -  -  X  O  O 
==========================


==========[ 89 ]==========
 -  -  X  O  -  -  -  X  O 
 -  X  -  X  O  X  X  X  O 
 -  -  O  X  -  X  -  O  - 
 X  O  -  O  O  O  -  O  O 
 X  X  -  O  X  O  X  O  X 
 O  O  O  -  -  X  -  O  - 
 -  -  -  -  X  X  -  O  X 
 -  -  X  O  -  -  O  X  X 
 -  -  O  -  X  O  -  X  - 
==========================


==========[ 48 ]==========
 -  O  X  -  X  -  X  -  X 
 -  -  X  X  X  X  -  X  O 
 X  -  X  -  O  O  X  O  - 
 -  O  -  -  O  X  O  O  O 
 -  O  -  X  O  X  X  O  - 
 -  O  O  X  -  O  O  X  X 
 O  -  O  O  -  O  O  X  O 
 -  -  X  -  X  X  X  O  O 
 O  -  X  -  X  -  -  -  X 
==========================


==========[ 5 ]==========
 O  -  X  X  O  X  -  O  - 
 O  O  X  X  -  -  O  O  O 
 -  O  O  -  X  X  O  X  - 
 -  -  -  X  -  X  X  O  X 
 X  O  X  -  -  X  O  O  O 
 O  -  X  X  O  O  -  O  - 
 X  O  -  X  O  X  O  X  O 
 -  X  -  -  X  X  -  O  X 
 -  -  X  -  O  X  O  -  - 
==========================


==========[ 28 ]==========
 X  O  -  O  O  O  -  X  - 
 X  -  X  O  X  X  O  O  O 
 -  X  X  X  X  O  -  -  O 
 O  X  X  -  X  -  O  O  X 
 -  -  X  -  -  -  -  O  - 
 O  -  X  X  -  O  -  O  X 
 -  X  X  O  X  X  O  O  - 
 -  -  O  O  -  -  X  O  X 
 O  O  O  X  -  -  X  O  X 
==========================


==========[ 50 ]==========
 O  X  O  -  -  -  -  X  - 
 O  -  -  X  X  X  -  O  X 
 X  X  O  O  O  -  O  -  - 
 X  -  O  X  O  -  O  -  - 
 X  O  -  X  O  X  O  O  - 
 X  -  O  X  -  X  O  O  O 
 O  O  X  X  -  -  X  -  X 
 O  X  X  -  X  X  -  O  X 
 X  O  X  O  -  X  O  O  - 
==========================


==========[ 18 ]==========
 X  X  X  O  -  X  O  -  O 
 O  O  X  O  X  O  O  O  X 
 -  -  O  X  -  -  O  -  X 
 O  X  X  X  O  X  O  O  X 
 -  -  X  X  -  O  O  O  X 
 -  X  X  X  -  O  -  X  O 
 -  X  -  -  -  O  X  O  - 
 O  X  -  -  O  O  X  X  X 
 -  -  O  -  X  -  O  -  - 
==========================


==========[ 73 ]==========
 X  -  O  O  -  -  O  O  X 
 O  X  X  X  -  O  O  X  X 
 X  O  O  -  -  X  O  -  O 
 X  X  O  O  -  X  X  O  O 
 X  -  O  -  O  X  X  X  - 
 X  O  -  -  O  O  -  O  - 
 O  -  X  X  -  X  -  X  X 
 O  O  O  O  X  -  -  -  O 
 -  -  -  X  X  X  X  O  - 
==========================


==========[ 96 ]==========
 O  O  -  O  -  X  X  X  X 
 X  -  O  X  O  O  O  -  - 
 X  O  X  -  X  O  -  X  - 
 -  X  -  -  X  O  X  -  - 
 O  O  O  -  -  X  -  X  - 
 X  -  O  X  X  X  O  -  X 
 O  O  O  X  X  O  X  O  O 
 X  O  -  -  O  -  X  O  - 
 X  X  O  O  O  O  X  X  - 
==========================


==========[ 83 ]==========
 -  -  O  O  -  X  X  X  O 
 -  O  X  O  O  O  -  O  X 
 X  O  -  O  X  X  O  X  - 
 -  X  -  -  X  O  X  X  O 
 X  O  -  O  X  X  -  O  O 
 -  O  X  -  X  X  O  -  - 
 X  X  X  O  O  -  -  O  X 
 X  -  -  -  X  X  O  -  - 
 O  O  X  X  O  X  O  O  O 
==========================


==========[ 34 ]==========
 O  -  O  X  -  X  -  X  - 
 X  X  X  O  X  O  O  O  - 
 -  X  -  O  -  O  -  -  O 
 O  O  X  X  X  X  O  X  - 
 O  X  O  O  O  X  X  O  - 
 X  X  O  O  O  X  -  -  - 
 -  O  -  -  X  -  O  O  - 
 X  O  -  X  O  -  X  X  X 
 X  O  X  X  O  O  O  X  X 
==========================


==========[ 95 ]==========
 O  -  X  O  X  -  X  O  X 
 X  -  X  X  -  X  X  O  X 
 X  -  X  X  X  O  -  O  O 
 O  O  O  -  X  X  O  O  X 
 O  O  O  X  -  X  X  O  - 
 X  X  O  X  -  X  -  -  O 
 -  O  -  O  -  O  -  O  O 
 O  O  O  X  O  -  X  O  - 
 -  O  -  -  -  X  X  X  X 
==========================


==========[ 6 ]==========
 -  -  -  O  X  O  O  O  O 
 X  X  X  -  X  X  O  X  X 
 -  X  X  X  X  X  X  X  - 
 -  O  X  O  O  X  O  X  O 
 X  -  O  X  O  X  -  O  O 
 -  -  O  -  O  -  X  X  X 
 -  O  -  O  O  X  O  O  X 
 O  O  O  -  -  O  -  X  - 
 X  -  O  O  -  O  X  X  O 
==========================


==========[ 4 ]==========
 -  X  X  O  X  O  O  O  X 
 O  O  X  O  -  O  X  O  X 
 X  -  X  X  X  X  O  X  X 
 X  O  O  O  X  X  X  X  O 
 -  X  -  -  -  X  -  O  - 
 X  X  -  -  X  X  X  -  O 
 O  O  O  O  -  O  -  -  X 
 X  O  -  O  O  O  O  -  O 
 O  X  -  X  O  -  -  X  O 
==========================


==========[ 53 ]==========
 X  O  X  X  -  X  O  X  O 
 X  O  X  X  -  X  O  X  O 
 -  O  O  -  -  O  O  O  O 
 X  O  X  O  O  X  O  O  X 
 O  O  -  X  -  X  O  -  - 
 O  X  X  O  -  -  O  O  - 
 -  -  X  O  -  X  X  -  O 
 O  X  X  -  X  -  X  O  X 
 -  -  X  X  O  X  X  X  O 
==========================


==========[ 90 ]==========
 -  O  O  O  O  O  O  X  X 
 O  X  X  X  X  X  O  X  X 
 X  X  O  -  -  O  -  X  X 
 X  X  X  -  X  O  X  O  O 
 X  -  O  -  O  O  O  X  O 
 O  X  O  -  -  O  O  X  X 
 X  -  -  O  -  O  X  X  O 
 O  -  X  O  -  X  X  -  O 
 -  -  O  -  O  -  X  -  X 
==========================


==========[ 26 ]==========
 X  X  O  X  O  X  X  O  O 
 X  O  -  O  -  X  -  X  X 
 -  O  X  O  X  X  O  O  O 
 O  O  -  -  O  O  O  O  X 
 -  X  X  O  X  O  X  O  X 
 -  -  X  -  X  X  O  O  X 
 -  X  X  O  -  X  O  X  X 
 -  -  O  -  X  X  O  O  O 
 X  -  X  -  -  O  O  -  O 
==========================


==========[ 97 ]==========
 O  X  X  O  O  -  O  X  - 
 X  X  X  O  O  -  O  -  O 
 -  O  X  X  -  -  O  X  O 
 X  -  X  X  X  O  O  X  O 
 X  O  X  O  O  X  O  X  O 
 X  -  O  X  -  -  O  O  X 
 O  -  X  -  -  X  O  -  X 
 O  O  X  -  -  X  O  X  X 
 X  O  O  X  O  X  O  -  - 
==========================


==========[ 14 ]==========
 X  O  O  X  O  X  -  X  X 
 O  X  -  X  -  X  X  O  O 
 -  O  -  X  X  -  O  O  O 
 -  O  O  X  X  -  O  -  X 
 O  O  -  O  X  O  -  X  X 
 X  X  X  O  X  -  X  O  X 
 -  -  O  O  O  X  X  O  X 
 X  O  O  X  O  O  -  -  O 
 -  X  O  X  O  X  -  X  O 
==========================


==========[ 49 ]==========
 X  O  X  O  O  O  O  O  X 
 O  X  O  X  X  X  O  -  - 
 -  X  X  X  X  O  X  X  X 
 X  X  -  -  O  O  X  O  O 
 X  O  X  O  X  X  -  O  - 
 X  O  O  O  O  -  X  -  X 
 O  X  -  O  X  X  O  X  - 
 O  X  O  O  X  O  X  X  - 
 -  -  O  -  -  -  O  O  - 
==========================


==========[ 43 ]==========
 -  X  X  X  -  -  X  O  O 
 O  O  -  -  X  -  X  -  - 
 O  X  O  O  X  O  X  O  O 
 X  -  O  O  -  X  O  -  - 
 X  O  X  O  X  O  X  O  - 
 O  O  -  X  O  O  -  O  O 
 X  O  O  X  O  X  O  X  X 
 -  X  X  X  X  X  O  X  X 
 O  -  X  -  O  O  X  X  X 
==========================


==========[ 8 ]==========
 X  X  O  X  -  -  -  O  O 
 O  X  -  X  X  O  X  X  X 
 X  X  O  -  O  -  O  X  - 
 X  X  O  O  O  O  O  -  X 
 O  X  X  X  O  -  -  X  O 
 O  X  -  O  O  X  O  O  O 
 O  -  X  O  O  X  O  -  - 
 O  -  X  O  O  X  -  X  X 
 X  X  X  O  -  X  -  X  O 
==========================


==========[ 23 ]==========
 O  X  X  O  X  X  O  X  - 
 X  O  O  O  O  O  O  X  X 
 -  O  O  X  O  X  O  O  - 
 X  O  X  X  O  -  X  O  O 
 -  O  -  X  X  X  X  -  - 
 O  X  O  O  -  -  -  X  - 
 X  O  X  X  X  O  O  X  O 
 X  -  -  O  -  O  -  O  - 
 O  X  X  X  O  X  O  X  X 
==========================


==========[ 27 ]==========
 X  O  X  -  -  -  -  O  - 
 X  X  -  X  O  O  X  O  X 
 X  X  -  O  X  X  X  -  O 
 O  O  O  O  X  O  O  -  X 
 O  O  O  X  -  X  O  X  O 
 X  X  X  X  -  X  -  X  X 
 O  -  O  O  X  -  O  X  X 
 X  O  O  X  O  -  O  O  X 
 X  O  O  O  -  O  X  -  O 
==========================


==========[ 33 ]==========
 O  O  X  X  O  -  X  -  O 
 O  X  X  X  O  O  -  O  - 
 O  O  X  O  X  X  O  X  O 
 X  O  O  X  X  X  O  X  X 
 -  O  -  O  X  X  O  O  O 
 O  X  X  O  -  O  -  -  - 
 X  X  O  O  X  -  O  -  X 
 X  -  X  X  X  -  X  O  X 
 X  -  X  O  O  -  -  O  O 
==========================


==========[ 58 ]==========
 -  X  O  -  -  X  O  X  O 
 X  X  -  X  O  -  X  X  X 
 X  -  X  O  X  X  O  X  O 
 X  O  X  O  -  O  -  -  X 
 O  O  O  O  X  O  X  X  O 
 X  -  -  X  O  O  X  O  X 
 O  O  X  O  O  O  O  O  O 
 O  X  O  -  -  X  O  X  - 
 O  X  X  X  -  -  O  -  X 
==========================


==========[ 60 ]==========
 O  X  O  X  X  O  X  O  O 
 -  O  O  X  O  O  -  O  X 
 X  O  -  O  X  -  X  X  X 
 -  X  O  X  O  O  X  X  - 
 X  X  O  X  X  X  O  O  - 
 O  X  -  O  -  X  O  X  O 
 -  -  X  O  O  X  X  O  X 
 O  X  X  O  O  X  O  -  - 
 -  X  X  O  X  O  -  O  - 
==========================


==========[ 41 ]==========
 -  X  X  X  O  O  O  X  X 
 X  O  O  -  X  X  -  O  X 
 -  O  X  O  -  O  X  O  O 
 -  -  O  O  O  -  O  X  X 
 X  X  O  O  X  O  O  O  X 
 -  O  X  O  X  -  O  X  X 
 -  X  O  X  -  O  X  O  X 
 X  -  O  O  X  O  -  X  X 
 -  X  X  X  X  O  O  O  O 
==========================


==========[ 87 ]==========
 X  O  X  X  O  X  -  O  O 
 O  O  O  -  X  -  X  X  O 
 X  -  O  O  O  X  X  X  O 
 X  X  -  O  X  O  O  X  X 
 O  X  -  O  X  O  O  X  X 
 X  X  O  O  -  O  -  -  - 
 X  O  O  X  -  O  O  -  X 
 X  X  X  -  O  -  O  O  O 
 O  O  X  O  -  X  X  X  X 
==========================


==========[ 61 ]==========
 X  O  O  O  -  -  X  X  O 
 O  O  X  O  O  X  O  -  X 
 X  X  X  X  X  O  O  X  X 
 X  -  X  O  X  X  X  O  O 
 O  X  O  -  O  X  O  -  - 
 X  X  X  O  X  -  -  O  - 
 O  X  O  O  O  O  O  X  X 
 X  X  -  X  O  -  O  X  - 
 O  X  X  O  X  O  O  O  - 
==========================


==========[ 51 ]==========
 -  O  X  O  X  X  X  O  O 
 O  X  X  O  X  X  X  O  X 
 X  X  -  X  X  X  X  O  O 
 O  O  -  O  O  X  O  O  X 
 -  X  -  O  -  O  -  O  - 
 X  X  X  -  X  O  O  O  X 
 X  X  O  O  O  O  -  O  X 
 -  X  O  X  -  X  O  X  X 
 -  -  O  O  O  X  O  X  O 
==========================


==========[ 84 ]==========
 O  X  -  X  O  X  O  X  - 
 X  X  X  X  O  O  -  X  O 
 O  X  X  X  -  O  -  -  O 
 O  O  -  X  O  X  O  X  X 
 O  X  X  O  O  X  O  X  O 
 X  X  -  O  O  X  X  X  X 
 O  O  O  -  -  O  O  X  X 
 X  O  O  -  O  O  O  X  O 
 X  -  X  O  X  -  X  -  O 
==========================


==========[ 10 ]==========
 X  -  X  -  -  X  -  O  O 
 O  X  -  O  X  X  X  O  - 
 X  O  O  -  X  O  X  O  X 
 O  X  X  O  O  O  -  -  - 
 O  X  X  O  X  -  O  O  O 
 X  O  X  O  X  O  O  X  X 
 O  O  -  X  O  O  X  X  X 
 X  O  X  X  X  X  O  X  O 
 X  O  O  O  X  O  X  O  - 
==========================


==========[ 38 ]==========
 O  X  O  X  X  O  O  O  X 
 O  O  O  O  O  X  -  -  X 
 O  X  X  -  O  X  X  X  X 
 X  O  X  X  -  -  X  O  O 
 O  O  X  X  X  -  O  O  X 
 X  O  -  O  O  X  X  X  O 
 X  X  X  X  O  O  O  X  O 
 X  -  O  X  X  X  X  -  O 
 -  O  O  O  -  X  O  O  - 
==========================


==========[ 77 ]==========
 O  X  O  X  X  X  X  X  X 
 O  X  -  O  O  X  X  X  - 
 X  O  X  O  X  X  O  O  X 
 X  O  O  O  -  O  -  O  O 
 O  -  X  X  O  O  -  O  X 
 X  X  X  X  X  X  O  O  - 
 X  O  O  O  O  -  O  O  O 
 X  X  X  O  X  X  O  O  - 
 O  O  X  X  -  X  O  -  - 
==========================


==========[ 2 ]==========
 -  X  O  O  O  X  X  O  X 
 O  O  O  X  O  -  O  X  X 
 X  -  O  O  O  X  X  O  X 
 X  X  O  O  X  O  X  X  X 
 X  X  O  O  -  -  O  -  O 
 O  X  X  O  X  X  -  X  X 
 -  X  O  X  -  O  X  O  O 
 X  O  X  O  X  O  O  X  O 
 X  O  X  O  X  -  O  -  O 
==========================


==========[ 31 ]==========
 O  O  O  X  O  X  X  X  O 
 X  X  O  O  X  -  O  X  X 
 X  X  -  X  X  -  O  X  X 
 X  X  O  -  O  X  O  O  O 
 X  X  X  X  O  -  O  -  O 
 O  O  X  O  O  X  -  X  X 
 X  -  X  O  O  O  O  O  O 
 O  O  X  O  O  X  -  -  X 
 X  X  O  O  X  O  O  X  - 
==========================


==========[ 55 ]==========
 -  O  O  X  -  O  X  X  X 
 O  X  O  O  X  O  X  O  O 
 X  O  O  X  -  X  -  X  X 
 O  X  O  O  O  O  X  O  O 
 X  X  O  O  X  X  X  O  X 
 X  O  O  O  O  X  -  X  O 
 X  O  O  X  -  O  X  X  X 
 X  O  -  X  X  X  O  X  X 
 -  O  -  X  -  O  O  -  O 
==========================


==========[ 88 ]==========
 X  X  O  O  O  X  O  X  - 
 X  O  -  O  O  X  O  X  X 
 O  O  X  X  X  O  O  X  O 
 X  O  X  X  X  O  -  O  O 
 X  O  O  O  X  X  O  X  X 
 O  O  X  X  O  O  -  O  - 
 O  X  O  O  X  X  X  O  X 
 X  O  O  X  X  -  X  O  - 
 X  -  O  X  O  -  X  -  - 
==========================


==========[ 99 ]==========
 X  X  O  -  O  O  X  X  O 
 O  X  X  O  -  X  X  O  X 
 X  O  O  X  O  X  X  -  X 
 X  X  O  O  X  O  O  O  X 
 X  O  O  -  X  X  O  -  - 
 O  X  -  O  -  O  O  X  X 
 X  O  X  O  -  -  O  O  O 
 X  X  O  O  O  O  X  X  - 
 O  O  O  X  X  X  X  X  O 
==========================


==========[ 91 ]==========
 -  X  O  O  O  -  X  O  X 
 X  X  X  X  -  X  X  O  O 
 O  O  O  X  O  O  X  -  X 
 O  X  O  O  -  X  X  O  O 
 O  O  O  X  -  O  X  O  X 
 O  O  O  O  X  -  O  O  - 
 O  X  O  X  -  X  X  X  - 
 X  X  O  X  X  X  X  -  X 
 X  O  O  X  O  X  X  O  O 
==========================


==========[ 29 ]==========
 X  O  O  X  O  -  X  X  X 
 O  X  O  X  X  O  O  O  O 
 O  O  O  O  X  O  -  O  - 
 X  X  X  X  O  X  O  X  - 
 O  O  -  O  O  X  O  -  X 
 X  O  X  O  -  X  X  O  O 
 X  O  O  O  -  X  X  X  O 
 X  X  X  X  O  X  -  X  X 
 X  -  O  O  X  X  O  X  O 
==========================


==========[ 63 ]==========
 X  X  O  -  X  O  X  O  X 
 O  O  -  X  O  X  O  X  - 
 -  X  O  X  O  O  O  O  X 
 -  X  O  X  O  O  O  -  X 
 O  O  X  X  X  O  X  X  - 
 X  O  X  O  X  O  O  O  - 
 O  O  -  X  O  X  O  X  X 
 X  O  O  O  X  O  -  X  X 
 X  X  X  X  X  O  O  O  X 
==========================


==========[ 65 ]==========
 O  O  O  O  O  O  X  X  X 
 X  X  O  -  X  X  X  O  X 
 O  O  X  X  X  O  O  -  X 
 X  O  X  X  O  O  X  X  O 
 -  X  -  O  O  O  O  X  O 
 -  O  O  X  O  O  -  -  O 
 X  X  O  X  -  X  O  X  O 
 X  X  -  -  X  X  O  X  X 
 O  O  X  X  O  O  O  X  X 
==========================


==========[ 70 ]==========
 X  X  O  X  -  X  O  -  X 
 X  -  O  O  O  X  -  X  O 
 O  O  O  X  O  X  O  X  X 
 X  O  -  O  O  -  X  O  O 
 O  -  X  -  X  X  X  O  O 
 O  O  O  O  O  X  O  O  X 
 X  O  O  X  X  X  O  X  O 
 X  X  X  X  O  X  X  X  X 
 X  X  O  X  O  -  O  -  O 
==========================


==========[ 12 ]==========
 -  X  X  O  X  X  O  X  O 
 X  X  O  O  X  X  X  O  - 
 O  -  O  X  O  O  O  -  X 
 X  X  O  O  O  O  -  O  X 
 -  X  O  X  O  O  O  X  X 
 O  X  X  X  O  X  X  X  O 
 O  O  X  X  O  -  X  X  O 
 O  X  O  O  O  -  O  X  O 
 O  X  X  X  -  X  X  O  O 
==========================


==========[ 46 ]==========
 O  X  O  O  X  X  X  O  X 
 X  X  O  O  -  -  O  X  X 
 X  O  O  O  X  O  X  O  X 
 X  X  X  X  O  O  O  -  O 
 O  O  X  X  X  X  -  X  O 
 O  -  X  X  O  O  -  O  O 
 O  O  O  X  -  O  X  X  O 
 O  O  -  O  O  X  X  O  X 
 -  X  X  X  X  X  X  O  O 
==========================


==========[ 69 ]==========
 X  O  O  X  X  X  O  -  X 
 O  X  O  O  X  X  X  X  O 
 X  O  X  X  X  O  O  O  O 
 O  X  -  O  O  O  X  O  X 
 O  X  X  O  -  O  O  X  O 
 X  X  X  X  -  O  X  X  X 
 O  O  O  X  O  X  X  O  X 
 -  X  X  O  -  O  X  O  O 
 -  O  O  -  -  X  O  O  X 
==========================


==========[ 42 ]==========
 X  X  O  O  O  X  O  O  X 
 O  X  O  -  O  X  O  X  - 
 X  O  O  O  O  O  O  -  O 
 X  X  X  X  X  -  O  X  O 
 O  -  X  O  X  O  X  -  X 
 X  O  X  O  O  X  X  -  O 
 X  X  X  O  -  X  X  X  O 
 O  O  O  X  O  -  O  X  O 
 X  O  O  X  X  X  O  X  X 
==========================


==========[ 59 ]==========
 X  -  -  O  X  O  -  X  O 
 O  X  O  O  X  X  X  X  O 
 O  O  X  O  O  O  X  X  X 
 O  O  O  O  X  X  X  O  X 
 X  X  X  O  O  X  X  O  O 
 O  O  -  X  O  O  X  X  X 
 -  X  O  X  X  O  X  X  O 
 X  O  O  X  X  O  -  O  O 
 O  X  X  X  O  -  -  -  O 
==========================


==========[ 80 ]==========
 X  X  O  O  O  X  O  X  O 
 O  -  -  X  O  O  -  X  X 
 X  O  X  O  O  X  -  X  X 
 -  X  O  O  X  O  X  O  X 
 O  O  X  X  -  O  O  X  O 
 O  X  X  -  X  O  X  X  X 
 -  X  -  O  X  O  X  O  O 
 X  X  X  O  X  O  X  O  O 
 O  X  O  O  X  O  O  O  X 
==========================


==========[ 9 ]==========
 O  X  O  -  X  X  O  O  X 
 X  X  O  O  O  O  O  O  X 
 X  X  X  O  O  X  -  O  X 
 O  X  X  O  -  O  X  X  X 
 X  X  X  O  -  X  O  O  O 
 O  O  O  X  O  X  O  X  O 
 X  O  X  O  X  -  X  O  O 
 X  X  X  X  X  X  O  -  O 
 O  -  X  O  X  -  O  O  X 
==========================


==========[ 40 ]==========
 O  -  X  X  -  O  -  O  X 
 O  O  O  -  X  -  X  O  O 
 X  O  -  O  X  O  O  O  O 
 X  O  -  X  X  O  O  X  X 
 O  O  X  X  X  O  O  X  X 
 O  X  X  O  X  O  X  O  O 
 X  X  X  X  O  X  X  -  X 
 X  O  X  X  X  O  O  O  X 
 X  O  O  O  O  X  O  X  X 
==========================


==========[ 45 ]==========
 X  X  X  O  X  O  O  O  O 
 O  O  X  O  O  -  X  X  X 
 X  X  O  X  X  X  X  O  O 
 X  O  X  O  -  O  O  O  O 
 X  X  X  O  -  X  X  X  O 
 O  O  O  X  O  X  X  X  O 
 O  O  X  X  X  X  O  X  X 
 O  O  X  O  -  O  X  X  O 
 O  -  -  -  O  X  X  -  O 
==========================


==========[ 35 ]==========
 O  O  O  X  X  O  X  O  X 
 O  X  O  X  O  X  O  -  X 
 O  X  O  X  O  O  O  X  O 
 X  O  O  X  X  -  X  X  X 
 X  X  O  O  O  O  O  X  O 
 X  X  -  -  X  X  O  X  X 
 X  X  X  O  O  O  X  O  X 
 O  -  O  X  O  O  -  O  X 
 O  X  X  O  X  O  X  O  - 
==========================


==========[ 56 ]==========
 O  -  X  X  -  X  O  X  O 
 O  O  O  O  O  O  X  X  O 
 X  X  O  O  -  X  O  O  O 
 X  -  X  -  O  O  X  X  X 
 X  X  O  O  -  X  O  X  X 
 X  O  X  O  X  X  O  X  X 
 O  X  X  X  X  X  X  O  O 
 O  X  O  O  -  O  O  O  O 
 X  O  X  X  O  X  O  O  X 
==========================


==========[ 36 ]==========
 O  X  X  X  X  O  X  X  O 
 X  O  X  O  O  O  X  X  X 
 X  O  O  O  O  O  X  O  O 
 O  X  O  O  X  O  X  X  O 
 O  X  -  -  O  O  O  -  O 
 O  O  X  X  X  -  O  X  X 
 O  X  O  X  O  X  -  O  X 
 X  X  O  X  X  X  X  -  X 
 X  O  O  X  O  X  O  O  - 
==========================


==========[ 52 ]==========
 -  -  O  X  O  X  O  O  O 
 O  X  X  X  O  -  O  X  X 
 X  -  X  X  X  X  X  O  X 
 O  O  X  O  O  O  O  X  X 
 X  O  X  X  X  O  O  -  X 
 O  O  X  X  O  O  O  O  O 
 X  O  X  -  X  O  O  O  X 
 O  X  O  X  X  X  X  X  O 
 O  O  O  X  -  X  X  O  O 
==========================


==========[ 68 ]==========
 X  O  O  -  O  X  X  X  O 
 O  X  X  X  O  X  X  O  O 
 O  O  -  O  X  X  O  X  X 
 O  O  X  O  X  X  O  -  X 
 X  O  O  O  -  -  X  X  - 
 O  X  O  X  X  O  O  O  O 
 X  O  O  X  O  O  X  X  O 
 X  X  X  X  O  O  -  O  X 
 X  X  X  O  X  O  O  O  X 
==========================


==========[ 93 ]==========
 O  X  O  X  -  X  O  -  X 
 X  O  X  X  -  X  X  O  O 
 O  O  X  O  X  O  X  O  X 
 X  O  O  X  O  O  X  O  - 
 O  X  O  O  O  -  X  X  - 
 O  O  O  O  -  X  O  O  X 
 O  X  X  X  O  X  O  O  O 
 X  X  X  X  X  O  X  X  O 
 X  O  O  X  X  X  O  O  X 
==========================


==========[ 15 ]==========
 X  X  O  O  O  X  O  X  O 
 O  O  X  X  O  X  X  X  X 
 -  X  O  O  X  X  X  X  O 
 O  O  X  O  O  X  X  O  O 
 -  O  O  X  X  O  X  X  O 
 O  -  X  X  X  O  O  O  X 
 X  X  O  X  O  O  X  X  O 
 -  O  X  X  O  X  O  X  O 
 X  O  O  -  -  O  X  O  X 
==========================


==========[ 78 ]==========
 O  O  X  O  X  O  O  O  X 
 O  X  X  X  X  O  X  O  O 
 O  X  X  -  X  O  X  X  O 
 X  O  X  X  X  O  X  X  O 
 O  X  X  O  O  O  O  X  O 
 X  -  X  X  O  -  O  O  X 
 X  X  -  O  -  X  O  O  X 
 O  O  X  O  X  X  O  -  X 
 O  O  O  X  O  X  X  O  - 
==========================


==========[ 86 ]==========
 -  X  O  X  O  X  O  O  X 
 X  O  X  X  X  X  X  O  - 
 X  O  O  X  X  O  X  O  X 
 O  X  O  X  -  X  O  O  O 
 O  O  O  X  X  O  O  X  X 
 O  X  O  O  O  O  O  O  - 
 X  O  O  X  O  -  O  O  X 
 X  O  X  X  -  X  X  X  X 
 O  O  X  X  O  X  X  -  O 
==========================


==========[ 81 ]==========
 X  X  O  O  -  X  -  O  X 
 O  O  X  O  O  O  O  X  X 
 X  O  X  X  X  X  -  X  O 
 X  X  X  O  X  O  O  X  X 
 X  X  X  O  -  X  O  X  O 
 X  O  X  X  X  X  X  O  X 
 X  O  O  O  O  O  X  O  - 
 O  O  O  O  O  O  O  O  O 
 O  X  -  X  X  X  O  X  O 
==========================


==========[ 72 ]==========
 X  -  X  O  -  O  O  X  O 
 O  X  O  X  O  O  X  X  O 
 X  O  O  O  O  -  X  X  X 
 O  X  O  O  X  O  X  O  X 
 X  O  O  X  -  O  X  X  X 
 X  O  O  O  X  O  X  X  X 
 X  X  O  X  X  O  -  X  X 
 -  X  O  X  X  O  O  O  O 
 O  O  O  X  O  X  X  O  X 
==========================


==========[ 76 ]==========
 -  O  O  X  O  -  X  O  X 
 O  X  -  X  X  O  O  O  X 
 O  O  O  O  X  X  -  O  O 
 X  O  X  X  O  O  O  -  X 
 O  X  X  X  X  O  O  O  X 
 O  O  X  O  O  O  O  O  O 
 X  X  X  -  X  X  X  X  O 
 X  X  X  X  O  X  O  X  X 
 O  X  X  X  O  X  O  X  O 
==========================


==========[ 19 ]==========
 X  O  X  O  X  X  X  O  X 
 X  O  O  O  O  X  O  O  O 
 O  O  -  O  O  X  O  O  O 
 X  X  X  O  O  X  -  O  X 
 X  X  O  X  X  X  O  O  O 
 O  X  O  X  X  O  X  X  X 
 X  X  O  O  X  O  X  X  X 
 O  X  X  O  O  X  O  O  - 
 O  X  X  X  -  O  X  -  O 
==========================


==========[ 94 ]==========
 O  X  O  O  X  O  X  X  X 
 O  X  O  O  X  O  O  X  - 
 X  O  X  O  X  O  O  O  X 
 O  X  X  X  O  O  X  X  O 
 O  X  O  X  O  X  X  O  X 
 X  X  X  O  X  -  -  X  O 
 X  O  X  X  O  O  O  X  - 
 X  -  X  O  O  O  O  O  O 
 O  X  X  O  X  O  O  X  X 
==========================


==========[ 57 ]==========
 O  O  X  X  O  O  X  X  O 
 X  O  X  -  O  O  O  X  O 
 O  O  X  O  X  O  X  X  X 
 X  -  O  X  X  O  X  X  X 
 -  X  X  O  O  O  O  O  X 
 X  O  X  X  X  O  O  O  O 
 O  X  X  X  X  O  O  X  O 
 O  X  X  O  X  O  O  X  X 
 O  X  X  O  -  X  O  O  - 
==========================


==========[ 37 ]==========
 O  -  X  X  -  X  O  X  O 
 O  O  X  O  X  O  X  O  O 
 O  O  O  O  X  O  X  O  O 
 X  X  X  X  O  X  X  O  X 
 O  X  O  O  X  O  O  X  O 
 X  X  X  O  O  O  X  O  X 
 O  X  O  X  O  X  X  O  O 
 O  X  X  O  X  X  X  X  X 
 O  -  X  -  -  O  X  X  O 
==========================


==========[ 39 ]==========
 -  O  O  X  O  O  O  O  O 
 O  X  -  X  X  X  X  O  X 
 X  X  -  X  O  O  X  X  X 
 X  X  O  O  O  X  X  X  X 
 O  X  O  X  X  O  X  O  O 
 O  X  X  X  O  X  X  O  O 
 O  X  O  X  O  X  -  X  X 
 O  O  O  O  O  X  O  O  X 
 X  O  O  X  X  O  O  O  X 
==========================


==========[ 62 ]==========
 O  X  X  X  X  O  X  O  - 
 O  X  O  X  O  X  X  O  X 
 X  X  O  O  O  O  -  X  O 
 O  X  X  O  X  O  X  X  O 
 O  O  O  X  -  O  X  O  X 
 O  O  O  X  O  X  X  O  O 
 X  O  O  O  O  -  O  O  X 
 X  X  O  X  X  O  X  X  X 
 O  X  X  X  X  X  O  O  X 
==========================


==========[ 24 ]==========
 O  X  X  X  O  X  O  O  O 
 O  X  O  O  X  X  O  O  X 
 X  O  X  O  O  X  X  O  X 
 X  O  O  O  X  X  O  X  X 
 X  O  X  X  O  X  O  O  X 
 X  O  O  X  O  O  O  O  O 
 X  X  O  X  X  X  O  O  X 
 X  O  O  X  X  O  X  -  X 
 O  X  O  X  -  X  O  O  - 
==========================


==========[ 54 ]==========
 O  O  X  X  X  X  O  O  O 
 X  O  O  O  X  X  O  X  O 
 X  O  X  X  O  X  X  O  X 
 O  X  O  X  -  X  X  O  O 
 X  -  X  O  O  O  O  X  X 
 O  X  X  X  X  O  X  X  O 
 X  O  X  O  O  X  X  O  X 
 -  X  O  O  O  X  X  O  O 
 O  O  O  O  X  X  O  X  O 
==========================


==========[ 1 ]==========
 O  O  X  O  X  O  X  O  O 
 X  X  O  X  O  O  X  X  X 
 O  X  O  X  O  O  O  X  X 
 O  X  O  X  X  O  X  X  X 
 X  X  O  X  O  O  X  O  O 
 O  O  O  -  O  O  X  X  O 
 O  -  O  X  X  O  X  X  X 
 O  X  X  O  X  O  O  X  X 
 X  O  O  X  O  X  X  X  O 
==========================


==========[ 16 ]==========
 O  O  X  X  O  X  O  O  X 
 X  O  X  X  X  O  X  O  O 
 O  X  X  X  X  O  X  X  O 
 O  O  X  X  X  X  X  X  O 
 O  O  O  X  O  O  X  X  - 
 X  O  O  O  X  X  X  X  X 
 O  O  O  O  X  O  X  X  O 
 O  X  O  X  O  O  X  O  O 
 X  O  O  X  -  O  X  O  X 
==========================


==========[ 25 ]==========
 X  O  X  O  X  O  O  X  X 
 O  O  X  O  O  X  X  X  O 
 X  X  O  X  X  O  X  O  X 
 X  X  O  O  O  O  X  X  O 
 O  X  -  X  X  X  O  X  O 
 O  X  X  O  X  X  O  O  X 
 X  X  O  O  O  X  O  O  O 
 O  O  X  X  O  O  -  O  X 
 X  O  X  O  X  X  O  O  X 
==========================


==========[ 79 ]==========
 X  X  O  O  X  O  X  X  X 
 X  O  X  O  O  O  O  X  X 
 O  X  X  X  -  O  O  O  X 
 O  X  X  O  X  X  O  O  O 
 O  X  O  O  X  O  X  O  X 
 X  X  X  X  X  X  X  O  X 
 O  O  O  X  -  X  O  X  O 
 X  O  X  O  O  X  O  O  O 
 X  O  O  X  O  X  O  O  X 
==========================


==========[ 74 ]==========
 X  O  X  X  X  X  O  O  O 
 O  O  X  X  X  X  X  X  O 
 X  O  O  O  O  X  X  -  O 
 X  O  O  X  O  X  O  O  - 
 O  O  X  X  X  X  O  X  O 
 O  X  O  O  O  O  O  X  O 
 O  X  X  O  O  O  X  O  X 
 X  O  X  X  O  X  X  O  X 
 O  X  X  O  X  X  X  X  O 
==========================


==========[ 17 ]==========
 X  O  X  O  X  X  O  O  X 
 O  X  O  O  X  X  O  O  X 
 O  X  O  O  X  O  O  X  O 
 X  O  O  O  X  X  X  O  X 
 X  O  X  X  O  X  O  O  X 
 O  X  X  O  O  X  O  X  O 
 X  X  X  O  O  O  X  X  O 
 X  X  X  X  O  O  O  X  O 
 X  X  O  O  O  X  O  X  X 
==========================


==========[ 30 ]==========
 X  X  O  X  O  O  O  X  X 
 O  O  X  O  X  X  O  O  O 
 O  X  O  X  O  X  X  X  O 
 O  X  X  X  O  X  X  O  O 
 X  O  O  X  O  O  X  X  X 
 X  X  X  O  X  X  O  O  O 
 X  O  O  O  X  X  O  O  X 
 O  X  X  O  X  X  X  X  O 
 O  O  X  O  O  X  X  O  O 
==========================


==========[ 21 ]==========
 X  X  O  O  X  O  O  X  X 
 O  O  X  X  O  O  O  X  O 
 X  X  X  X  X  O  O  O  X 
 O  O  X  O  X  X  X  O  X 
 X  O  O  X  O  X  X  O  O 
 O  X  X  O  X  X  X  X  O 
 O  X  O  O  O  X  X  X  O 
 O  X  X  X  X  O  O  O  X 
 X  O  X  O  O  O  O  X  O 
==========================


==========[ 64 ]==========
 O  O  O  X  X  X  O  O  X 
 X  O  X  X  X  X  O  O  O 
 X  X  O  O  O  O  O  X  X 
 X  X  X  X  O  X  O  X  O 
 O  X  X  O  O  X  O  X  X 
 O  X  O  X  X  O  X  O  O 
 X  O  X  X  O  O  O  O  X 
 O  O  O  O  O  O  X  X  O 
 X  X  X  X  O  X  O  X  X 
==========================


==========[ 67 ]==========
 O  X  X  O  X  X  O  O  X 
 X  X  O  X  O  O  O  X  X 
 X  O  X  X  X  X  O  O  O 
 O  O  X  X  O  O  X  X  O 
 X  X  X  O  O  O  X  O  X 
 O  X  O  X  O  X  X  X  X 
 X  O  X  O  O  X  O  O  O 
 X  X  O  O  X  O  O  O  O 
 O  X  O  O  X  X  O  X  X 
==========================


==========[ 47 ]==========
 -  O  X  X  O  X  X  X  X 
 O  O  X  X  X  O  O  X  O 
 O  X  O  X  O  X  X  O  O 
 O  X  O  X  O  O  X  O  X 
 X  O  O  O  X  O  X  O  X 
 X  X  X  X  O  O  X  X  X 
 X  X  O  O  O  O  O  O  O 
 O  X  O  X  X  O  O  X  O 
 O  O  O  O  X  X  X  X  X 
==========================


==========[ 0 ]==========
 X  O  O  X  X  X  O  O  X 
 O  O  O  O  O  X  X  X  X 
 O  X  X  O  X  X  O  X  O 
 X  O  O  X  O  O  O  O  X 
 X  O  X  X  X  X  O  O  O 
 X  X  X  X  O  O  O  O  X 
 X  O  O  O  X  X  X  X  O 
 O  X  X  O  O  X  O  X  X 
 X  O  O  X  O  O  X  X  O 
==========================


==========[ 13 ]==========
 X  X  O  O  O  O  X  X  O 
 X  O  O  O  O  X  X  X  X 
 X  X  X  O  O  X  O  X  O 
 O  O  O  O  X  X  O  X  O 
 X  X  O  X  O  O  X  O  X 
 X  O  O  X  O  X  X  X  O 
 O  X  O  X  X  X  O  X  X 
 X  O  O  X  X  X  O  X  O 
 X  O  X  O  O  O  O  O  X 
==========================


==========[ 71 ]==========
 X  O  X  O  X  O  X  X  X 
 X  O  O  X  X  X  O  O  O 
 X  O  X  O  X  O  X  X  O 
 O  X  O  O  X  O  X  X  X 
 X  O  X  O  X  O  O  X  O 
 O  X  X  X  O  X  X  O  O 
 O  O  O  X  O  O  O  O  X 
 O  O  X  O  X  X  X  X  O 
 X  O  O  X  O  X  X  X  O 
==========================


==========[ 3 ]==========
 O  O  X  X  O  X  O  X  O 
 X  X  X  X  O  X  X  O  O 
 X  O  O  O  X  O  X  X  O 
 O  X  O  X  O  O  O  X  X 
 X  X  O  O  X  O  X  O  O 
 O  X  O  X  O  X  O  X  O 
 X  O  X  X  O  O  O  X  X 
 O  X  X  O  X  X  O  X  X 
 O  O  O  X  O  O  X  X  X 
==========================


==========[ 75 ]==========
 O  X  X  O  X  O  O  X  X 
 X  X  X  O  O  O  O  X  O 
 O  O  X  X  O  O  O  O  X 
 O  X  X  O  X  O  X  O  X 
 X  O  O  X  O  X  X  X  X 
 O  X  X  X  X  X  O  X  O 
 X  X  X  X  X  X  O  O  O 
 O  O  O  O  O  O  O  O  O 
 X  O  O  X  O  X  X  X  X 
==========================


==========[ 85 ]==========
 X  X  O  O  X  O  X  X  X 
 O  X  O  O  O  X  X  O  X 
 X  O  O  O  O  X  O  X  X 
 O  X  O  O  X  X  X  X  O 
 O  X  X  X  X  O  O  X  O 
 O  X  X  X  O  O  X  O  O 
 O  X  O  X  O  O  X  O  O 
 X  O  O  X  O  X  O  O  X 
 X  O  X  O  X  X  X  X  O 
==========================


==========[ 98 ]==========
 X  O  X  O  X  X  O  O  O 
 O  X  X  O  X  O  O  O  O 
 X  O  O  X  X  O  X  X  O 
 X  O  X  O  X  X  X  X  X 
 X  X  O  O  X  O  X  O  X 
 X  O  O  O  O  X  X  O  X 
 O  O  X  O  X  O  X  X  X 
 X  O  O  X  X  O  O  O  O 
 O  X  X  O  X  O  O  X  X 
==========================


==========[ 44 ]==========
 X  O  X  X  X  O  O  X  X 
 X  O  O  O  O  X  O  O  X 
 X  O  O  X  X  O  X  O  O 
 O  X  O  O  O  X  X  O  X 
 O  O  X  X  X  X  O  O  X 
 X  X  X  O  X  X  O  O  O 
 X  X  O  O  O  X  X  O  O 
 O  O  O  X  X  O  X  X  X 
 X  X  O  X  O  X  O  O  X 
==========================


==========[ 92 ]==========
 O  X  O  O  X  O  O  X  O 
 O  X  X  O  O  O  X  O  X 
 X  O  X  X  O  O  O  X  X 
 X  X  X  X  X  X  O  X  X 
 O  O  O  X  O  X  O  O  X 
 X  X  O  X  X  O  O  O  O 
 X  O  O  X  X  O  O  O  X 
 O  O  O  X  O  X  X  X  X 
 X  X  X  O  O  X  O  O  X 
==========================


==========[ 7 ]==========
 O  X  O  O  X  O  X  X  O 
 X  O  O  O  O  X  X  X  X 
 X  O  O  X  O  O  O  O  X 
 X  O  X  X  X  O  X  O  X 
 O  O  X  X  X  X  O  O  O 
 O  X  O  X  X  X  O  X  X 
 X  O  O  O  X  O  X  X  X 
 X  O  O  X  O  O  O  O  X 
 X  X  O  O  X  O  X  X  O 
==========================


==========[ 32 ]==========
 X  O  O  X  O  O  O  X  O 
 O  X  X  O  X  X  X  X  O 
 O  X  X  O  X  O  O  X  X 
 O  X  X  O  O  O  O  O  X 
 O  X  X  X  O  X  O  X  O 
 X  O  X  O  X  O  O  X  O 
 O  X  X  X  X  O  X  X  X 
 O  X  X  O  O  O  X  O  X 
 X  O  X  O  X  O  X  O  O 
==========================


==========[ 82 ]==========
 X  O  O  X  O  O  O  O  X 
 O  X  O  O  O  X  O  X  X 
 X  O  X  X  X  O  O  O  X 
 X  X  X  X  X  O  O  X  X 
 X  O  O  O  O  X  O  O  X 
 O  O  X  X  O  X  O  X  O 
 O  X  X  X  X  O  O  O  X 
 X  O  O  X  X  X  X  X  O 
 O  X  X  X  O  O  X  O  O 
==========================


==========[ 20 ]==========
 O  X  X  X  O  O  O  O  O 
 X  O  X  X  X  O  X  X  X 
 X  O  X  O  X  X  O  O  X 
 O  O  O  O  O  X  O  X  X 
 O  O  O  X  O  X  X  O  O 
 O  O  X  X  X  X  O  X  X 
 X  X  X  X  X  X  O  O  O 
 X  X  O  X  O  X  X  O  O 
 O  X  X  O  O  O  X  O  O 
==========================


==========[ 22 ]==========
 O  X  X  O  X  O  O  X  X 
 O  O  O  O  X  O  X  O  O 
 X  X  X  O  O  O  O  X  X 
 X  O  X  X  X  O  X  O  O 
 O  O  O  X  O  X  X  X  O 
 X  O  O  O  O  X  O  X  X 
 X  X  O  X  X  X  O  X  O 
 X  X  X  X  O  X  X  X  X 
 O  O  X  X  O  O  O  O  O 
==========================


