==========[ 66 ]==========
 O  O  O  X  -  O  X  O  - 
 X  X  X  O  X  -  X  X  - 
 O  X  -  X  X  X  X  -  X 
 O  X  X  O  O  O  X  O  - 
 -  O  -  X  X  O  -  -  - 
 O  -  -  -  -  -  X  -  - 
 X  X  O  -  O  -  O  -  O 
 -  O  O  -  -  -  -  -  - 
 X  -  O  O  -  -  -  -  X 
==========================


==========[ 89 ]==========
 -  -  X  O  -  -  -  X  O 
 -  X  -  X  O  X  X  X  O 
 -  -  O  X  -  X  -  O  - 
 X  O  -  O  O  O  -  O  O 
 X  X  -  O  X  O  X  O  X 
 O  O  O  -  -  X  -  O  - 
 -  -  -  -  X  X  -  O  X 
 -  -  X  O  -  -  O  X  X 
 -  -  O  -  X  O  -  X  - 
==========================


==========[ 11 ]==========
 X  X  X  X  O  -  X  -  O 
 -  O  O  X  X  X  -  X  O 
 -  -  O  -  -  X  O  X  X 
 -  O  O  -  O  O  -  O  X 
 O  -  -  -  -  -  -  -  - 
 X  O  -  X  -  -  -  X  O 
 O  -  O  O  O  X  O  -  - 
 X  -  -  X  -  X  X  X  - 
 O  O  X  X  -  -  X  O  O 
==========================


==========[ 48 ]==========
 -  O  X  -  X  -  X  -  X 
 -  -  X  X  X  X  -  X  O 
 X  -  X  -  O  O  X  O  - 
 -  O  -  -  O  X  O  O  O 
 -  O  -  X  O  X  X  O  - 
 -  O  O  X  -  O  O  X  X 
 O  -  O  O  -  O  O  X  O 
 -  -  X  -  X  X  X  O  O 
 O  -  X  -  X  -  -  -  X 
==========================


==========[ 5 ]==========
 O  -  X  X  O  X  -  O  - 
 O  O  X  X  -  -  O  O  O 
 -  O  O  -  X  X  O  X  - 
 -  -  -  X  -  X  X  O  X 
 X  O  X  -  -  X  O  O  O 
 O  -  X  X  O  O  -  O  - 
 X  O  -  X  O  X  O  X  O 
 -  X  -  -  X  X  -  O  X 
 -  -  X  -  O  X  O  -  - 
==========================


