**[ REPORT ]**
********************
> Room
      room_id = 0
> Players
      id = 0
      cell = X
      isBot? 0
> DataAction
      value = 40
> TypeGame
      ST
> TypeAction
      Step
> TypeStatus
      Active
> Valid
      is valid? 1
> GameResult
      is end? 0
> Steps
            player_id = 0
            index     = 40
            cell      = X
            ------------
********************

 -  -  -  -  -  -  -  -  - 
 -  -  -  -  -  -  -  -  - 
 -  -  -  -  -  -  -  -  - 
 -  -  -  -  -  -  -  -  - 
 -  -  -  -  X  -  -  -  - 
 -  -  -  -  -  -  -  -  - 
 -  -  -  -  -  -  -  -  - 
 -  -  -  -  -  -  -  -  - 
 -  -  -  -  -  -  -  -  - 
**[ REPORT ]**
********************
> Room
      room_id = 0
> Players
      id = 1
      cell = O
      isBot? 0
> DataAction
      value = 36
> TypeGame
      ST
> TypeAction
      Step
> TypeStatus
      Active
> Valid
      is valid? 1
> GameResult
      is end? 0
> Steps
            player_id = 0
            index     = 40
            cell      = X
            ------------
            player_id = 1
            index     = 36
            cell      = O
            ------------
********************

 -  -  -  -  -  -  -  -  - 
 -  -  -  -  -  -  -  -  - 
 -  -  -  -  -  -  -  -  - 
 -  -  -  O  -  -  -  -  - 
 -  -  -  -  X  -  -  -  - 
 -  -  -  -  -  -  -  -  - 
 -  -  -  -  -  -  -  -  - 
 -  -  -  -  -  -  -  -  - 
 -  -  -  -  -  -  -  -  - 
**[ REPORT ]**
********************
> Room
      room_id = 0
> Players
      id = 0
      cell = X
      isBot? 0
> DataAction
      value = 4
> TypeGame
      ST
> TypeAction
      Step
> TypeStatus
      Active
> Valid
      is valid? 1
> GameResult
      is end? 0
> Steps
            player_id = 0
            index     = 40
            cell      = X
            ------------
            player_id = 1
            index     = 36
            cell      = O
            ------------
            player_id = 0
            index     = 4
            cell      = X
            ------------
********************

 -  -  -  -  -  -  -  -  - 
 -  X  -  -  -  -  -  -  - 
 -  -  -  -  -  -  -  -  - 
 -  -  -  O  -  -  -  -  - 
 -  -  -  -  X  -  -  -  - 
 -  -  -  -  -  -  -  -  - 
 -  -  -  -  -  -  -  -  - 
 -  -  -  -  -  -  -  -  - 
 -  -  -  -  -  -  -  -  - 
**[ REPORT ]**
********************
> Room
      room_id = 0
> Players
      id = 1
      cell = O
      isBot? 0
> DataAction
      value = 37
> TypeGame
      ST
> TypeAction
      Step
> TypeStatus
      Active
> Valid
      is valid? 1
> GameResult
      is end? 0
> Steps
            player_id = 0
            index     = 40
            cell      = X
            ------------
            player_id = 1
            index     = 36
            cell      = O
            ------------
            player_id = 0
            index     = 4
            cell      = X
            ------------
            player_id = 1
            index     = 37
            cell      = O
            ------------
********************

 -  -  -  -  -  -  -  -  - 
 -  X  -  -  -  -  -  -  - 
 -  -  -  -  -  -  -  -  - 
 -  -  -  O  O  -  -  -  - 
 -  -  -  -  X  -  -  -  - 
 -  -  -  -  -  -  -  -  - 
 -  -  -  -  -  -  -  -  - 
 -  -  -  -  -  -  -  -  - 
 -  -  -  -  -  -  -  -  - 
**[ REPORT ]**
********************
> Room
      room_id = 0
> Players
      id = 0
      cell = X
      isBot? 0
> DataAction
      value = 13
> TypeGame
      ST
> TypeAction
      Step
> TypeStatus
      Active
> Valid
      is valid? 1
> GameResult
      is end? 0
> Steps
            player_id = 0
            index     = 40
            cell      = X
            ------------
            player_id = 1
            index     = 36
            cell      = O
            ------------
            player_id = 0
            index     = 4
            cell      = X
            ------------
            player_id = 1
            index     = 37
            cell      = O
            ------------
            player_id = 0
            index     = 13
            cell      = X
            ------------
********************

 -  -  -  -  -  -  -  -  - 
 -  X  -  -  X  -  -  -  - 
 -  -  -  -  -  -  -  -  - 
 -  -  -  O  O  -  -  -  - 
 -  -  -  -  X  -  -  -  - 
 -  -  -  -  -  -  -  -  - 
 -  -  -  -  -  -  -  -  - 
 -  -  -  -  -  -  -  -  - 
 -  -  -  -  -  -  -  -  - 
**[ REPORT ]**
********************
> Room
      room_id = 0
> Players
      id = 1
      cell = O
      isBot? 0
> DataAction
      value = 38
> TypeGame
      ST
> TypeAction
      Step
> TypeStatus
      Active
> Valid
      is valid? 1
> GameResult
      is end? 0
> Steps
            player_id = 0
            index     = 40
            cell      = X
            ------------
            player_id = 1
            index     = 36
            cell      = O
            ------------
            player_id = 0
            index     = 4
            cell      = X
            ------------
            player_id = 1
            index     = 37
            cell      = O
            ------------
            player_id = 0
            index     = 13
            cell      = X
            ------------
            player_id = 1
            index     = 38
            cell      = O
            ------------
********************

 -  -  -  -  -  -  -  -  - 
 -  X  -  -  X  -  -  -  - 
 -  -  -  -  -  -  -  -  - 
 -  -  -  O  O  O  -  -  - 
 -  -  -  -  X  -  -  -  - 
 -  -  -  -  -  -  -  -  - 
 -  -  -  -  -  -  -  -  - 
 -  -  -  -  -  -  -  -  - 
 -  -  -  -  -  -  -  -  - 
**[ REPORT ]**
********************
> Room
      room_id = 0
> Players
      id = 0
      cell = X
      isBot? 0
> DataAction
      value = 23
> TypeGame
      ST
> TypeAction
      Step
> TypeStatus
      Active
> Valid
      is valid? 1
> GameResult
      is end? 0
> Steps
            player_id = 0
            index     = 40
            cell      = X
            ------------
            player_id = 1
            index     = 36
            cell      = O
            ------------
            player_id = 0
            index     = 4
            cell      = X
            ------------
            player_id = 1
            index     = 37
            cell      = O
            ------------
            player_id = 0
            index     = 13
            cell      = X
            ------------
            player_id = 1
            index     = 38
            cell      = O
            ------------
            player_id = 0
            index     = 23
            cell      = X
            ------------
********************

 -  -  -  -  -  -  -  -  - 
 -  X  -  -  X  -  -  -  X 
 -  -  -  -  -  -  -  -  - 
 -  -  -  O  O  O  -  -  - 
 -  -  -  -  X  -  -  -  - 
 -  -  -  -  -  -  -  -  - 
 -  -  -  -  -  -  -  -  - 
 -  -  -  -  -  -  -  -  - 
 -  -  -  -  -  -  -  -  - 
**[ REPORT ]**
********************
> Room
      room_id = 0
> Players
      id = 1
      cell = O
      isBot? 0
> DataAction
      value = 51
> TypeGame
      ST
> TypeAction
      Step
> TypeStatus
      Active
> Valid
      is valid? 1
> GameResult
      is end? 0
> Steps
            player_id = 0
            index     = 40
            cell      = X
            ------------
            player_id = 1
            index     = 36
            cell      = O
            ------------
            player_id = 0
            index     = 4
            cell      = X
            ------------
            player_id = 1
            index     = 37
            cell      = O
            ------------
            player_id = 0
            index     = 13
            cell      = X
            ------------
            player_id = 1
            index     = 38
            cell      = O
            ------------
            player_id = 0
            index     = 23
            cell      = X
            ------------
            player_id = 1
            index     = 51
            cell      = O
            ------------
********************

 -  -  -  -  -  -  -  -  - 
 -  X  -  -  X  -  -  -  X 
 -  -  -  -  -  -  -  -  - 
 -  -  -  O  O  O  -  -  - 
 -  -  -  -  X  -  -  -  - 
 -  -  -  -  -  -  O  -  - 
 -  -  -  -  -  -  -  -  - 
 -  -  -  -  -  -  -  -  - 
 -  -  -  -  -  -  -  -  - 
**[ REPORT ]**
********************
> Room
      room_id = 0
> Players
      id = 0
      cell = X
      isBot? 0
> DataAction
      value = 59
> TypeGame
      ST
> TypeAction
      Step
> TypeStatus
      Active
> Valid
      is valid? 1
> GameResult
      is end? 0
> Steps
            player_id = 0
            index     = 40
            cell      = X
            ------------
            player_id = 1
            index     = 36
            cell      = O
            ------------
            player_id = 0
            index     = 4
            cell      = X
            ------------
            player_id = 1
            index     = 37
            cell      = O
            ------------
            player_id = 0
            index     = 13
            cell      = X
            ------------
            player_id = 1
            index     = 38
            cell      = O
            ------------
            player_id = 0
            index     = 23
            cell      = X
            ------------
            player_id = 1
            index     = 51
            cell      = O
            ------------
            player_id = 0
            index     = 59
            cell      = X
            ------------
********************

 -  -  -  -  -  -  -  -  - 
 -  X  -  -  X  -  -  -  X 
 -  -  -  -  -  -  -  -  - 
 -  -  -  O  O  O  -  -  - 
 -  -  -  -  X  -  -  -  - 
 -  -  -  -  -  -  O  -  - 
 -  -  -  -  -  -  -  -  - 
 -  -  X  -  -  -  -  -  - 
 -  -  -  -  -  -  -  -  - 
**[ REPORT ]**
********************
> Room
      room_id = 0
> Players
      id = 1
      cell = O
      isBot? 0
> DataAction
      value = 52
> TypeGame
      ST
> TypeAction
      Step
> TypeStatus
      Active
> Valid
      is valid? 1
> GameResult
      is end? 0
> Steps
            player_id = 0
            index     = 40
            cell      = X
            ------------
            player_id = 1
            index     = 36
            cell      = O
            ------------
            player_id = 0
            index     = 4
            cell      = X
            ------------
            player_id = 1
            index     = 37
            cell      = O
            ------------
            player_id = 0
            index     = 13
            cell      = X
            ------------
            player_id = 1
            index     = 38
            cell      = O
            ------------
            player_id = 0
            index     = 23
            cell      = X
            ------------
            player_id = 1
            index     = 51
            cell      = O
            ------------
            player_id = 0
            index     = 59
            cell      = X
            ------------
            player_id = 1
            index     = 52
            cell      = O
            ------------
********************

 -  -  -  -  -  -  -  -  - 
 -  X  -  -  X  -  -  -  X 
 -  -  -  -  -  -  -  -  - 
 -  -  -  O  O  O  -  -  - 
 -  -  -  -  X  -  -  -  - 
 -  -  -  -  -  -  O  O  - 
 -  -  -  -  -  -  -  -  - 
 -  -  X  -  -  -  -  -  - 
 -  -  -  -  -  -  -  -  - 
**[ REPORT ]**
********************
> Room
      room_id = 0
> Players
      id = 0
      cell = X
      isBot? 0
> DataAction
      value = 68
> TypeGame
      ST
> TypeAction
      Step
> TypeStatus
      Active
> Valid
      is valid? 1
> GameResult
      is end? 0
> Steps
            player_id = 0
            index     = 40
            cell      = X
            ------------
            player_id = 1
            index     = 36
            cell      = O
            ------------
            player_id = 0
            index     = 4
            cell      = X
            ------------
            player_id = 1
            index     = 37
            cell      = O
            ------------
            player_id = 0
            index     = 13
            cell      = X
            ------------
            player_id = 1
            index     = 38
            cell      = O
            ------------
            player_id = 0
            index     = 23
            cell      = X
            ------------
            player_id = 1
            index     = 51
            cell      = O
            ------------
            player_id = 0
            index     = 59
            cell      = X
            ------------
            player_id = 1
            index     = 52
            cell      = O
            ------------
            player_id = 0
            index     = 68
            cell      = X
            ------------
********************

 -  -  -  -  -  -  -  -  - 
 -  X  -  -  X  -  -  -  X 
 -  -  -  -  -  -  -  -  - 
 -  -  -  O  O  O  -  -  - 
 -  -  -  -  X  -  -  -  - 
 -  -  -  -  -  -  O  O  - 
 -  -  -  -  -  -  -  -  - 
 -  -  X  -  -  X  -  -  - 
 -  -  -  -  -  -  -  -  - 
**[ REPORT ]**
********************
> Room
      room_id = 0
> Players
      id = 1
      cell = O
      isBot? 0
> DataAction
      value = 53
> TypeGame
      ST
> TypeAction
      Step
> TypeStatus
      Active
> Valid
      is valid? 1
> GameResult
      is end? 0
> Steps
            player_id = 0
            index     = 40
            cell      = X
            ------------
            player_id = 1
            index     = 36
            cell      = O
            ------------
            player_id = 0
            index     = 4
            cell      = X
            ------------
            player_id = 1
            index     = 37
            cell      = O
            ------------
            player_id = 0
            index     = 13
            cell      = X
            ------------
            player_id = 1
            index     = 38
            cell      = O
            ------------
            player_id = 0
            index     = 23
            cell      = X
            ------------
            player_id = 1
            index     = 51
            cell      = O
            ------------
            player_id = 0
            index     = 59
            cell      = X
            ------------
            player_id = 1
            index     = 52
            cell      = O
            ------------
            player_id = 0
            index     = 68
            cell      = X
            ------------
            player_id = 1
            index     = 53
            cell      = O
            ------------
********************

 -  -  -  -  -  -  -  -  - 
 -  X  -  -  X  -  -  -  X 
 -  -  -  -  -  -  -  -  - 
 -  -  -  O  O  O  -  -  - 
 -  -  -  -  X  -  -  -  - 
 -  -  -  -  -  -  O  O  O 
 -  -  -  -  -  -  -  -  - 
 -  -  X  -  -  X  -  -  - 
 -  -  -  -  -  -  -  -  - 
**[ REPORT ]**
********************
> Room
      room_id = 0
> Players
      id = 0
      cell = X
      isBot? 0
> DataAction
      value = 75
> TypeGame
      ST
> TypeAction
      Step
> TypeStatus
      Active
> Valid
      is valid? 1
> GameResult
      is end? 0
> Steps
            player_id = 0
            index     = 40
            cell      = X
            ------------
            player_id = 1
            index     = 36
            cell      = O
            ------------
            player_id = 0
            index     = 4
            cell      = X
            ------------
            player_id = 1
            index     = 37
            cell      = O
            ------------
            player_id = 0
            index     = 13
            cell      = X
            ------------
            player_id = 1
            index     = 38
            cell      = O
            ------------
            player_id = 0
            index     = 23
            cell      = X
            ------------
            player_id = 1
            index     = 51
            cell      = O
            ------------
            player_id = 0
            index     = 59
            cell      = X
            ------------
            player_id = 1
            index     = 52
            cell      = O
            ------------
            player_id = 0
            index     = 68
            cell      = X
            ------------
            player_id = 1
            index     = 53
            cell      = O
            ------------
            player_id = 0
            index     = 75
            cell      = X
            ------------
********************

 -  -  -  -  -  -  -  -  - 
 -  X  -  -  X  -  -  -  X 
 -  -  -  -  -  -  -  -  - 
 -  -  -  O  O  O  -  -  - 
 -  -  -  -  X  -  -  -  - 
 -  -  -  -  -  -  O  O  O 
 -  -  -  -  -  -  -  -  - 
 -  -  X  -  -  X  X  -  - 
 -  -  -  -  -  -  -  -  - 
**[ REPORT ]**
********************
> Room
      room_id = 0
> Players
      id = 1
      cell = O
      isBot? 0
> DataAction
      value = 29
> TypeGame
      ST
> TypeAction
      Step
> TypeStatus
      Active
> Valid
      is valid? 1
> GameResult
      is end? 0
> Steps
            player_id = 0
            index     = 40
            cell      = X
            ------------
            player_id = 1
            index     = 36
            cell      = O
            ------------
            player_id = 0
            index     = 4
            cell      = X
            ------------
            player_id = 1
            index     = 37
            cell      = O
            ------------
            player_id = 0
            index     = 13
            cell      = X
            ------------
            player_id = 1
            index     = 38
            cell      = O
            ------------
            player_id = 0
            index     = 23
            cell      = X
            ------------
            player_id = 1
            index     = 51
            cell      = O
            ------------
            player_id = 0
            index     = 59
            cell      = X
            ------------
            player_id = 1
            index     = 52
            cell      = O
            ------------
            player_id = 0
            index     = 68
            cell      = X
            ------------
            player_id = 1
            index     = 53
            cell      = O
            ------------
            player_id = 0
            index     = 75
            cell      = X
            ------------
            player_id = 1
            index     = 29
            cell      = O
            ------------
********************

 -  -  -  -  -  -  -  -  - 
 -  X  -  -  X  -  -  -  X 
 -  -  -  -  -  -  -  -  - 
 -  -  O  O  O  O  -  -  - 
 -  -  -  -  X  -  -  -  - 
 -  -  -  -  -  -  O  O  O 
 -  -  -  -  -  -  -  -  - 
 -  -  X  -  -  X  X  -  - 
 -  -  -  -  -  -  -  -  - 
**[ REPORT ]**
********************
> Room
      room_id = 0
> Players
      id = 0
      cell = X
      isBot? 0
> DataAction
      value = 21
> TypeGame
      ST
> TypeAction
      Step
> TypeStatus
      Active
> Valid
      is valid? 1
> GameResult
      is end? 0
> Steps
            player_id = 0
            index     = 40
            cell      = X
            ------------
            player_id = 1
            index     = 36
            cell      = O
            ------------
            player_id = 0
            index     = 4
            cell      = X
            ------------
            player_id = 1
            index     = 37
            cell      = O
            ------------
            player_id = 0
            index     = 13
            cell      = X
            ------------
            player_id = 1
            index     = 38
            cell      = O
            ------------
            player_id = 0
            index     = 23
            cell      = X
            ------------
            player_id = 1
            index     = 51
            cell      = O
            ------------
            player_id = 0
            index     = 59
            cell      = X
            ------------
            player_id = 1
            index     = 52
            cell      = O
            ------------
            player_id = 0
            index     = 68
            cell      = X
            ------------
            player_id = 1
            index     = 53
            cell      = O
            ------------
            player_id = 0
            index     = 75
            cell      = X
            ------------
            player_id = 1
            index     = 29
            cell      = O
            ------------
            player_id = 0
            index     = 21
            cell      = X
            ------------
********************

 -  -  -  -  -  -  -  -  - 
 -  X  -  -  X  -  X  -  X 
 -  -  -  -  -  -  -  -  - 
 -  -  O  O  O  O  -  -  - 
 -  -  -  -  X  -  -  -  - 
 -  -  -  -  -  -  O  O  O 
 -  -  -  -  -  -  -  -  - 
 -  -  X  -  -  X  X  -  - 
 -  -  -  -  -  -  -  -  - 
**[ REPORT ]**
********************
> Room
      room_id = 0
> Players
      id = 1
      cell = O
      isBot? 0
> DataAction
      value = 32
> TypeGame
      ST
> TypeAction
      Step
> TypeStatus
      Active
> Valid
      is valid? 1
> GameResult
      is end? 0
> Steps
            player_id = 0
            index     = 40
            cell      = X
            ------------
            player_id = 1
            index     = 36
            cell      = O
            ------------
            player_id = 0
            index     = 4
            cell      = X
            ------------
            player_id = 1
            index     = 37
            cell      = O
            ------------
            player_id = 0
            index     = 13
            cell      = X
            ------------
            player_id = 1
            index     = 38
            cell      = O
            ------------
            player_id = 0
            index     = 23
            cell      = X
            ------------
            player_id = 1
            index     = 51
            cell      = O
            ------------
            player_id = 0
            index     = 59
            cell      = X
            ------------
            player_id = 1
            index     = 52
            cell      = O
            ------------
            player_id = 0
            index     = 68
            cell      = X
            ------------
            player_id = 1
            index     = 53
            cell      = O
            ------------
            player_id = 0
            index     = 75
            cell      = X
            ------------
            player_id = 1
            index     = 29
            cell      = O
            ------------
            player_id = 0
            index     = 21
            cell      = X
            ------------
            player_id = 1
            index     = 32
            cell      = O
            ------------
********************

 -  -  -  -  -  -  -  -  - 
 -  X  -  -  X  -  X  -  X 
 -  -  -  -  -  -  -  -  - 
 -  -  O  O  O  O  -  -  - 
 -  -  O  -  X  -  -  -  - 
 -  -  -  -  -  -  O  O  O 
 -  -  -  -  -  -  -  -  - 
 -  -  X  -  -  X  X  -  - 
 -  -  -  -  -  -  -  -  - 
**[ REPORT ]**
********************
> Room
      room_id = 0
> Players
      id = 0
      cell = X
      isBot? 0
> DataAction
      value = 48
> TypeGame
      ST
> TypeAction
      Step
> TypeStatus
      Active
> Valid
      is valid? 1
> GameResult
      is end? 0
> Steps
            player_id = 0
            index     = 40
            cell      = X
            ------------
            player_id = 1
            index     = 36
            cell      = O
            ------------
            player_id = 0
            index     = 4
            cell      = X
            ------------
            player_id = 1
            index     = 37
            cell      = O
            ------------
            player_id = 0
            index     = 13
            cell      = X
            ------------
            player_id = 1
            index     = 38
            cell      = O
            ------------
            player_id = 0
            index     = 23
            cell      = X
            ------------
            player_id = 1
            index     = 51
            cell      = O
            ------------
            player_id = 0
            index     = 59
            cell      = X
            ------------
            player_id = 1
            index     = 52
            cell      = O
            ------------
            player_id = 0
            index     = 68
            cell      = X
            ------------
            player_id = 1
            index     = 53
            cell      = O
            ------------
            player_id = 0
            index     = 75
            cell      = X
            ------------
            player_id = 1
            index     = 29
            cell      = O
            ------------
            player_id = 0
            index     = 21
            cell      = X
            ------------
            player_id = 1
            index     = 32
            cell      = O
            ------------
            player_id = 0
            index     = 48
            cell      = X
            ------------
********************

 -  -  -  -  -  -  -  -  - 
 -  X  -  -  X  -  X  -  X 
 -  -  -  -  -  -  -  -  - 
 -  -  O  O  O  O  -  -  - 
 -  -  O  -  X  -  X  -  - 
 -  -  O  -  -  -  O  O  O 
 -  -  -  -  -  -  -  -  - 
 -  -  X  -  -  X  X  -  - 
 -  -  -  -  -  -  -  -  - 
**[ REPORT ]**
********************
> Room
      room_id = 0
> Players
      id = 1
      cell = O
      isBot? 0
> DataAction
      value = 35
> TypeGame
      ST
> TypeAction
      Step
> TypeStatus
      Finished
> Valid
      is valid? 1
> GameResult
      is end? 1
      winner = O
> Winner
      id = 1
      cell = O
      isBot? 0
      draw? 0
> Steps
            player_id = 0
            index     = 40
            cell      = X
            ------------
            player_id = 1
            index     = 36
            cell      = O
            ------------
            player_id = 0
            index     = 4
            cell      = X
            ------------
            player_id = 1
            index     = 37
            cell      = O
            ------------
            player_id = 0
            index     = 13
            cell      = X
            ------------
            player_id = 1
            index     = 38
            cell      = O
            ------------
            player_id = 0
            index     = 23
            cell      = X
            ------------
            player_id = 1
            index     = 51
            cell      = O
            ------------
            player_id = 0
            index     = 59
            cell      = X
            ------------
            player_id = 1
            index     = 52
            cell      = O
            ------------
            player_id = 0
            index     = 68
            cell      = X
            ------------
            player_id = 1
            index     = 53
            cell      = O
            ------------
            player_id = 0
            index     = 75
            cell      = X
            ------------
            player_id = 1
            index     = 29
            cell      = O
            ------------
            player_id = 0
            index     = 21
            cell      = X
            ------------
            player_id = 1
            index     = 32
            cell      = O
            ------------
            player_id = 0
            index     = 48
            cell      = X
            ------------
            player_id = 1
            index     = 35
            cell      = O
            ------------
********************

 -  -  -  -  -  -  -  -  - 
 -  X  -  -  X  -  X  -  X 
 -  -  -  -  -  -  -  -  - 
 -  -  O  O  O  O  -  -  - 
 -  -  O  -  X  -  X  -  - 
 -  -  O  -  -  -  O  O  O 
 -  -  -  -  -  -  -  -  - 
 -  -  X  -  -  X  X  -  - 
 -  -  -  -  -  -  -  -  - 
